09:23:18:702  INFO 1668 --- [main] com.hmall.gateway.GateWayApplication     : The following 1 profile is active: "dev"
09:23:19:190  INFO 1668 --- [main] o.s.cloud.context.scope.GenericScope     : BeanFactory id=d4d2398b-f6a3-35ca-bce9-defa98b7eb59
09:23:19:234  INFO 1668 --- [main] trationDelegate$BeanPostProcessorChecker : Bean 'org.springframework.cloud.client.loadbalancer.reactive.LoadBalancerBeanPostProcessorAutoConfiguration' of type [org.springframework.cloud.client.loadbalancer.reactive.LoadBalancerBeanPostProcessorAutoConfiguration] is not eligible for getting processed by all BeanPostProcessors (for example: not eligible for auto-proxying)
09:23:19:234  INFO 1668 --- [main] trationDelegate$BeanPostProcessorChecker : Bean 'org.springframework.cloud.client.loadbalancer.reactive.LoadBalancerBeanPostProcessorAutoConfiguration$ReactorDeferringLoadBalancerFilterConfig' of type [org.springframework.cloud.client.loadbalancer.reactive.LoadBalancerBeanPostProcessorAutoConfiguration$ReactorDeferringLoadBalancerFilterConfig] is not eligible for getting processed by all BeanPostProcessors (for example: not eligible for auto-proxying)
09:23:19:235  INFO 1668 --- [main] trationDelegate$BeanPostProcessorChecker : Bean 'reactorDeferringLoadBalancerExchangeFilterFunction' of type [org.springframework.cloud.client.loadbalancer.reactive.DeferringLoadBalancerExchangeFilterFunction] is not eligible for getting processed by all BeanPostProcessors (for example: not eligible for auto-proxying)
09:23:19:753  INFO 1668 --- [main] c.h.gateway.routers.DynamicRouteLoader   : 更新路由表: [
    {
        "id": "item",
        "predicates": [{
            "name": "Path",
            "args": {"_genkey_0":"/items/**", "_genkey_1":"/search/**"}
        }],
        "filters": [],
        "uri": "lb://item-service"
    },
    {
        "id": "cart",
        "predicates": [{
            "name": "Path",
            "args": {"_genkey_0":"/carts/**"}
        }],
        "filters": [],
        "uri": "lb://cart-service"
    },
    {
        "id": "user",
        "predicates": [{
            "name": "Path",
            "args": {"_genkey_0":"/users/**", "_genkey_1":"/addresses/**"}
        }],
        "filters": [],
        "uri": "lb://user-service"
    },
    {
        "id": "trade",
        "predicates": [{
            "name": "Path",
            "args": {"_genkey_0":"/orders/**"}
        }],
        "filters": [],
        "uri": "lb://trade-service"
    },
    {
        "id": "pay",
        "predicates": [{
            "name": "Path",
            "args": {"_genkey_0":"/pay-orders/**"}
        }],
        "filters": [],
        "uri": "lb://pay-service"
    }
]
09:23:20:832  INFO 1668 --- [main] o.s.c.g.r.RouteDefinitionRouteLocator    : Loaded RoutePredicateFactory [After]
09:23:20:832  INFO 1668 --- [main] o.s.c.g.r.RouteDefinitionRouteLocator    : Loaded RoutePredicateFactory [Before]
09:23:20:832  INFO 1668 --- [main] o.s.c.g.r.RouteDefinitionRouteLocator    : Loaded RoutePredicateFactory [Between]
09:23:20:832  INFO 1668 --- [main] o.s.c.g.r.RouteDefinitionRouteLocator    : Loaded RoutePredicateFactory [Cookie]
09:23:20:832  INFO 1668 --- [main] o.s.c.g.r.RouteDefinitionRouteLocator    : Loaded RoutePredicateFactory [Header]
09:23:20:832  INFO 1668 --- [main] o.s.c.g.r.RouteDefinitionRouteLocator    : Loaded RoutePredicateFactory [Host]
09:23:20:832  INFO 1668 --- [main] o.s.c.g.r.RouteDefinitionRouteLocator    : Loaded RoutePredicateFactory [Method]
09:23:20:832  INFO 1668 --- [main] o.s.c.g.r.RouteDefinitionRouteLocator    : Loaded RoutePredicateFactory [Path]
09:23:20:832  INFO 1668 --- [main] o.s.c.g.r.RouteDefinitionRouteLocator    : Loaded RoutePredicateFactory [Query]
09:23:20:832  INFO 1668 --- [main] o.s.c.g.r.RouteDefinitionRouteLocator    : Loaded RoutePredicateFactory [ReadBody]
09:23:20:833  INFO 1668 --- [main] o.s.c.g.r.RouteDefinitionRouteLocator    : Loaded RoutePredicateFactory [RemoteAddr]
09:23:20:833  INFO 1668 --- [main] o.s.c.g.r.RouteDefinitionRouteLocator    : Loaded RoutePredicateFactory [XForwardedRemoteAddr]
09:23:20:833  INFO 1668 --- [main] o.s.c.g.r.RouteDefinitionRouteLocator    : Loaded RoutePredicateFactory [Weight]
09:23:20:833  INFO 1668 --- [main] o.s.c.g.r.RouteDefinitionRouteLocator    : Loaded RoutePredicateFactory [CloudFoundryRouteService]
09:23:21:571  INFO 1668 --- [main] com.alibaba.nacos.common.remote.client   : [RpcClientFactory] create a new rpc client of 9276a73a-196f-403d-a00d-e96f049df494
09:23:21:571  INFO 1668 --- [main] com.alibaba.nacos.common.remote.client   : [9276a73a-196f-403d-a00d-e96f049df494] RpcClient init label, labels = {module=naming, source=sdk}
09:23:21:572  INFO 1668 --- [main] com.alibaba.nacos.common.remote.client   : [9276a73a-196f-403d-a00d-e96f049df494] RpcClient init, ServerListFactory = com.alibaba.nacos.client.naming.core.ServerListManager
09:23:21:572  INFO 1668 --- [main] com.alibaba.nacos.common.remote.client   : [9276a73a-196f-403d-a00d-e96f049df494] Registry connection listener to current client:com.alibaba.nacos.client.naming.remote.gprc.redo.NamingGrpcRedoService
09:23:21:572  INFO 1668 --- [main] com.alibaba.nacos.common.remote.client   : [9276a73a-196f-403d-a00d-e96f049df494] Register server push request handler:com.alibaba.nacos.client.naming.remote.gprc.NamingPushRequestHandler
09:23:21:572  INFO 1668 --- [main] com.alibaba.nacos.common.remote.client   : [9276a73a-196f-403d-a00d-e96f049df494] Try to connect to server on start up, server: {serverIp = '192.168.100.128', server main port = 8848}
09:23:21:685  INFO 1668 --- [main] com.alibaba.nacos.common.remote.client   : [9276a73a-196f-403d-a00d-e96f049df494] Success to connect to server [192.168.100.128:8848] on start up, connectionId = 1764206600970_192.168.100.1_12993
09:23:21:685  INFO 1668 --- [main] com.alibaba.nacos.common.remote.client   : [9276a73a-196f-403d-a00d-e96f049df494] Register server push request handler:com.alibaba.nacos.common.remote.client.RpcClient$ConnectResetRequestHandler
09:23:21:685  INFO 1668 --- [main] com.alibaba.nacos.common.remote.client   : [9276a73a-196f-403d-a00d-e96f049df494] Register server push request handler:com.alibaba.nacos.common.remote.client.RpcClient$$Lambda$465/0x0000000800413040
09:23:21:685  INFO 1668 --- [com.alibaba.nacos.client.remote.worker] com.alibaba.nacos.common.remote.client   : [9276a73a-196f-403d-a00d-e96f049df494] Notify connected event to listeners.
09:23:21:994  WARN 1668 --- [main] onfigReactiveWebServerApplicationContext : Exception encountered during context initialization - cancelling refresh attempt: org.springframework.context.ApplicationContextException: Failed to start bean 'webServerStartStop'; nested exception is org.springframework.boot.web.server.PortInUseException: Port 8080 is already in use
09:23:22:254  INFO 1668 --- [nacos-grpc-client-executor-5] com.alibaba.nacos.common.remote.client   : [9276a73a-196f-403d-a00d-e96f049df494] Receive server push request, request = NotifySubscriberRequest, requestId = 8
09:23:22:256  INFO 1668 --- [nacos-grpc-client-executor-5] com.alibaba.nacos.common.remote.client   : [9276a73a-196f-403d-a00d-e96f049df494] Ack server push request, request = NotifySubscriberRequest, requestId = 8
09:23:22:606  INFO 1668 --- [main] com.alibaba.nacos.common.remote.client   : Shutdown rpc client, set status to shutdown
09:23:22:606  INFO 1668 --- [main] com.alibaba.nacos.common.remote.client   : Shutdown client event executor java.util.concurrent.ScheduledThreadPoolExecutor@62c47480[Running, pool size = 2, active threads = 2, queued tasks = 0, completed tasks = 0]
09:23:22:606  INFO 1668 --- [main] com.alibaba.nacos.common.remote.client   : Close current connection 1764206600970_192.168.100.1_12993
09:23:22:609  INFO 1668 --- [main] c.a.n.c.remote.client.grpc.GrpcClient    : Shutdown grpc executor java.util.concurrent.ThreadPoolExecutor@45f95ac0[Running, pool size = 6, active threads = 0, queued tasks = 0, completed tasks = 6]
09:23:22:611  INFO 1668 --- [main] com.alibaba.nacos.common.remote.client   : [RpcClientFactory] create a new rpc client of 681fece3-8a47-4891-8416-b8cc8e4e449d
09:23:22:611  INFO 1668 --- [main] com.alibaba.nacos.common.remote.client   : [681fece3-8a47-4891-8416-b8cc8e4e449d] RpcClient init label, labels = {module=naming, source=sdk}
09:23:22:612  INFO 1668 --- [grpc-nio-worker-ELG-1-4] c.a.n.s.i.g.i.AbstractClientStream       : Received trailers on closed stream:
 Metadata()
 {2}
09:23:22:612  INFO 1668 --- [main] com.alibaba.nacos.common.remote.client   : [681fece3-8a47-4891-8416-b8cc8e4e449d] RpcClient init, ServerListFactory = com.alibaba.nacos.client.naming.core.ServerListManager
09:23:22:612  INFO 1668 --- [main] com.alibaba.nacos.common.remote.client   : [681fece3-8a47-4891-8416-b8cc8e4e449d] Registry connection listener to current client:com.alibaba.nacos.client.naming.remote.gprc.redo.NamingGrpcRedoService
09:23:22:612  INFO 1668 --- [main] com.alibaba.nacos.common.remote.client   : [681fece3-8a47-4891-8416-b8cc8e4e449d] Register server push request handler:com.alibaba.nacos.client.naming.remote.gprc.NamingPushRequestHandler
09:23:22:612  INFO 1668 --- [main] com.alibaba.nacos.common.remote.client   : [681fece3-8a47-4891-8416-b8cc8e4e449d] Try to connect to server on start up, server: {serverIp = '192.168.100.128', server main port = 8848}
09:23:22:725  INFO 1668 --- [main] com.alibaba.nacos.common.remote.client   : [681fece3-8a47-4891-8416-b8cc8e4e449d] Success to connect to server [192.168.100.128:8848] on start up, connectionId = 1764206602011_192.168.100.1_13025
09:23:22:725  INFO 1668 --- [main] com.alibaba.nacos.common.remote.client   : [681fece3-8a47-4891-8416-b8cc8e4e449d] Register server push request handler:com.alibaba.nacos.common.remote.client.RpcClient$ConnectResetRequestHandler
09:23:22:725  INFO 1668 --- [com.alibaba.nacos.client.remote.worker] com.alibaba.nacos.common.remote.client   : [681fece3-8a47-4891-8416-b8cc8e4e449d] Notify connected event to listeners.
09:23:22:725  INFO 1668 --- [main] com.alibaba.nacos.common.remote.client   : [681fece3-8a47-4891-8416-b8cc8e4e449d] Register server push request handler:com.alibaba.nacos.common.remote.client.RpcClient$$Lambda$465/0x0000000800413040
09:23:24:774  INFO 1668 --- [main] ConditionEvaluationReportLoggingListener : 

Error starting ApplicationContext. To display the conditions report re-run your application with 'debug' enabled.
09:23:24:786 ERROR 1668 --- [main] o.s.b.d.LoggingFailureAnalysisReporter   : 

***************************
APPLICATION FAILED TO START
***************************

Description:

Web server failed to start. Port 8080 was already in use.

Action:

Identify and stop the process that's listening on port 8080 or configure this application to listen on another port.

09:23:25:771  WARN 1668 --- [Thread-1] c.a.n.common.http.HttpClientBeanHolder   : [HttpClientBeanHolder] Start destroying common HttpClient
09:23:25:771  WARN 1668 --- [Thread-5] c.a.nacos.common.notify.NotifyCenter     : [NotifyCenter] Start destroying Publisher
09:23:25:771  WARN 1668 --- [Thread-5] c.a.nacos.common.notify.NotifyCenter     : [NotifyCenter] Destruction of the end
09:23:25:772  WARN 1668 --- [Thread-1] c.a.n.common.http.HttpClientBeanHolder   : [HttpClientBeanHolder] Destruction of the end
09:24:18:319  INFO 32568 --- [main] com.hmall.gateway.GateWayApplication     : The following 1 profile is active: "dev"
09:24:19:031  INFO 32568 --- [main] o.s.cloud.context.scope.GenericScope     : BeanFactory id=d4d2398b-f6a3-35ca-bce9-defa98b7eb59
09:24:19:077  INFO 32568 --- [main] trationDelegate$BeanPostProcessorChecker : Bean 'org.springframework.cloud.client.loadbalancer.reactive.LoadBalancerBeanPostProcessorAutoConfiguration' of type [org.springframework.cloud.client.loadbalancer.reactive.LoadBalancerBeanPostProcessorAutoConfiguration] is not eligible for getting processed by all BeanPostProcessors (for example: not eligible for auto-proxying)
09:24:19:078  INFO 32568 --- [main] trationDelegate$BeanPostProcessorChecker : Bean 'org.springframework.cloud.client.loadbalancer.reactive.LoadBalancerBeanPostProcessorAutoConfiguration$ReactorDeferringLoadBalancerFilterConfig' of type [org.springframework.cloud.client.loadbalancer.reactive.LoadBalancerBeanPostProcessorAutoConfiguration$ReactorDeferringLoadBalancerFilterConfig] is not eligible for getting processed by all BeanPostProcessors (for example: not eligible for auto-proxying)
09:24:19:079  INFO 32568 --- [main] trationDelegate$BeanPostProcessorChecker : Bean 'reactorDeferringLoadBalancerExchangeFilterFunction' of type [org.springframework.cloud.client.loadbalancer.reactive.DeferringLoadBalancerExchangeFilterFunction] is not eligible for getting processed by all BeanPostProcessors (for example: not eligible for auto-proxying)
09:24:19:745  INFO 32568 --- [main] c.h.gateway.routers.DynamicRouteLoader   : 更新路由表: [
    {
        "id": "item",
        "predicates": [{
            "name": "Path",
            "args": {"_genkey_0":"/items/**", "_genkey_1":"/search/**"}
        }],
        "filters": [],
        "uri": "lb://item-service"
    },
    {
        "id": "cart",
        "predicates": [{
            "name": "Path",
            "args": {"_genkey_0":"/carts/**"}
        }],
        "filters": [],
        "uri": "lb://cart-service"
    },
    {
        "id": "user",
        "predicates": [{
            "name": "Path",
            "args": {"_genkey_0":"/users/**", "_genkey_1":"/addresses/**"}
        }],
        "filters": [],
        "uri": "lb://user-service"
    },
    {
        "id": "trade",
        "predicates": [{
            "name": "Path",
            "args": {"_genkey_0":"/orders/**"}
        }],
        "filters": [],
        "uri": "lb://trade-service"
    },
    {
        "id": "pay",
        "predicates": [{
            "name": "Path",
            "args": {"_genkey_0":"/pay-orders/**"}
        }],
        "filters": [],
        "uri": "lb://pay-service"
    }
]
09:24:21:838  INFO 32568 --- [main] o.s.c.g.r.RouteDefinitionRouteLocator    : Loaded RoutePredicateFactory [After]
09:24:21:838  INFO 32568 --- [main] o.s.c.g.r.RouteDefinitionRouteLocator    : Loaded RoutePredicateFactory [Before]
09:24:21:838  INFO 32568 --- [main] o.s.c.g.r.RouteDefinitionRouteLocator    : Loaded RoutePredicateFactory [Between]
09:24:21:838  INFO 32568 --- [main] o.s.c.g.r.RouteDefinitionRouteLocator    : Loaded RoutePredicateFactory [Cookie]
09:24:21:838  INFO 32568 --- [main] o.s.c.g.r.RouteDefinitionRouteLocator    : Loaded RoutePredicateFactory [Header]
09:24:21:839  INFO 32568 --- [main] o.s.c.g.r.RouteDefinitionRouteLocator    : Loaded RoutePredicateFactory [Host]
09:24:21:839  INFO 32568 --- [main] o.s.c.g.r.RouteDefinitionRouteLocator    : Loaded RoutePredicateFactory [Method]
09:24:21:839  INFO 32568 --- [main] o.s.c.g.r.RouteDefinitionRouteLocator    : Loaded RoutePredicateFactory [Path]
09:24:21:839  INFO 32568 --- [main] o.s.c.g.r.RouteDefinitionRouteLocator    : Loaded RoutePredicateFactory [Query]
09:24:21:839  INFO 32568 --- [main] o.s.c.g.r.RouteDefinitionRouteLocator    : Loaded RoutePredicateFactory [ReadBody]
09:24:21:839  INFO 32568 --- [main] o.s.c.g.r.RouteDefinitionRouteLocator    : Loaded RoutePredicateFactory [RemoteAddr]
09:24:21:839  INFO 32568 --- [main] o.s.c.g.r.RouteDefinitionRouteLocator    : Loaded RoutePredicateFactory [XForwardedRemoteAddr]
09:24:21:839  INFO 32568 --- [main] o.s.c.g.r.RouteDefinitionRouteLocator    : Loaded RoutePredicateFactory [Weight]
09:24:21:839  INFO 32568 --- [main] o.s.c.g.r.RouteDefinitionRouteLocator    : Loaded RoutePredicateFactory [CloudFoundryRouteService]
09:24:23:065  INFO 32568 --- [main] com.alibaba.nacos.common.remote.client   : [RpcClientFactory] create a new rpc client of 9b8dcfa9-7c29-44ec-a1a9-37d555bbb6d8
09:24:23:065  INFO 32568 --- [main] com.alibaba.nacos.common.remote.client   : [9b8dcfa9-7c29-44ec-a1a9-37d555bbb6d8] RpcClient init label, labels = {module=naming, source=sdk}
09:24:23:067  INFO 32568 --- [main] com.alibaba.nacos.common.remote.client   : [9b8dcfa9-7c29-44ec-a1a9-37d555bbb6d8] RpcClient init, ServerListFactory = com.alibaba.nacos.client.naming.core.ServerListManager
09:24:23:067  INFO 32568 --- [main] com.alibaba.nacos.common.remote.client   : [9b8dcfa9-7c29-44ec-a1a9-37d555bbb6d8] Registry connection listener to current client:com.alibaba.nacos.client.naming.remote.gprc.redo.NamingGrpcRedoService
09:24:23:067  INFO 32568 --- [main] com.alibaba.nacos.common.remote.client   : [9b8dcfa9-7c29-44ec-a1a9-37d555bbb6d8] Register server push request handler:com.alibaba.nacos.client.naming.remote.gprc.NamingPushRequestHandler
09:24:23:068  INFO 32568 --- [main] com.alibaba.nacos.common.remote.client   : [9b8dcfa9-7c29-44ec-a1a9-37d555bbb6d8] Try to connect to server on start up, server: {serverIp = '192.168.100.128', server main port = 8848}
09:24:23:189  INFO 32568 --- [main] com.alibaba.nacos.common.remote.client   : [9b8dcfa9-7c29-44ec-a1a9-37d555bbb6d8] Success to connect to server [192.168.100.128:8848] on start up, connectionId = 1764206662468_192.168.100.1_13444
09:24:23:189  INFO 32568 --- [main] com.alibaba.nacos.common.remote.client   : [9b8dcfa9-7c29-44ec-a1a9-37d555bbb6d8] Register server push request handler:com.alibaba.nacos.common.remote.client.RpcClient$ConnectResetRequestHandler
09:24:23:189  INFO 32568 --- [main] com.alibaba.nacos.common.remote.client   : [9b8dcfa9-7c29-44ec-a1a9-37d555bbb6d8] Register server push request handler:com.alibaba.nacos.common.remote.client.RpcClient$$Lambda$465/0x0000000800412c40
09:24:23:190  INFO 32568 --- [com.alibaba.nacos.client.remote.worker] com.alibaba.nacos.common.remote.client   : [9b8dcfa9-7c29-44ec-a1a9-37d555bbb6d8] Notify connected event to listeners.
09:24:23:712  WARN 32568 --- [main] onfigReactiveWebServerApplicationContext : Exception encountered during context initialization - cancelling refresh attempt: org.springframework.context.ApplicationContextException: Failed to start bean 'webServerStartStop'; nested exception is org.springframework.boot.web.server.PortInUseException: Port 8080 is already in use
09:24:23:785  INFO 32568 --- [nacos-grpc-client-executor-6] com.alibaba.nacos.common.remote.client   : [9b8dcfa9-7c29-44ec-a1a9-37d555bbb6d8] Receive server push request, request = NotifySubscriberRequest, requestId = 13
09:24:23:787  INFO 32568 --- [nacos-grpc-client-executor-6] com.alibaba.nacos.common.remote.client   : [9b8dcfa9-7c29-44ec-a1a9-37d555bbb6d8] Ack server push request, request = NotifySubscriberRequest, requestId = 13
09:24:24:225  INFO 32568 --- [main] com.alibaba.nacos.common.remote.client   : Shutdown rpc client, set status to shutdown
09:24:24:225  INFO 32568 --- [main] com.alibaba.nacos.common.remote.client   : Shutdown client event executor java.util.concurrent.ScheduledThreadPoolExecutor@8585cdd[Running, pool size = 2, active threads = 2, queued tasks = 0, completed tasks = 0]
09:24:24:225  INFO 32568 --- [main] com.alibaba.nacos.common.remote.client   : Close current connection 1764206662468_192.168.100.1_13444
09:24:24:228  INFO 32568 --- [nacos-grpc-client-executor-8] c.a.n.c.remote.client.grpc.GrpcClient    : [1764206662468_192.168.100.1_13444]Ignore complete event,isRunning:false,isAbandon=false
09:24:24:230  INFO 32568 --- [main] c.a.n.c.remote.client.grpc.GrpcClient    : Shutdown grpc executor java.util.concurrent.ThreadPoolExecutor@33e4068[Running, pool size = 9, active threads = 0, queued tasks = 0, completed tasks = 9]
09:24:24:234  INFO 32568 --- [main] com.alibaba.nacos.common.remote.client   : [RpcClientFactory] create a new rpc client of 180ff508-4ce7-4ea3-82f2-d457835e65d8
09:24:24:234  INFO 32568 --- [main] com.alibaba.nacos.common.remote.client   : [180ff508-4ce7-4ea3-82f2-d457835e65d8] RpcClient init label, labels = {module=naming, source=sdk}
09:24:24:235  INFO 32568 --- [main] com.alibaba.nacos.common.remote.client   : [180ff508-4ce7-4ea3-82f2-d457835e65d8] RpcClient init, ServerListFactory = com.alibaba.nacos.client.naming.core.ServerListManager
09:24:24:235  INFO 32568 --- [main] com.alibaba.nacos.common.remote.client   : [180ff508-4ce7-4ea3-82f2-d457835e65d8] Registry connection listener to current client:com.alibaba.nacos.client.naming.remote.gprc.redo.NamingGrpcRedoService
09:24:24:235  INFO 32568 --- [main] com.alibaba.nacos.common.remote.client   : [180ff508-4ce7-4ea3-82f2-d457835e65d8] Register server push request handler:com.alibaba.nacos.client.naming.remote.gprc.NamingPushRequestHandler
09:24:24:236  INFO 32568 --- [main] com.alibaba.nacos.common.remote.client   : [180ff508-4ce7-4ea3-82f2-d457835e65d8] Try to connect to server on start up, server: {serverIp = '192.168.100.128', server main port = 8848}
09:24:24:372  INFO 32568 --- [main] com.alibaba.nacos.common.remote.client   : [180ff508-4ce7-4ea3-82f2-d457835e65d8] Success to connect to server [192.168.100.128:8848] on start up, connectionId = 1764206663642_192.168.100.1_13534
09:24:24:372  INFO 32568 --- [main] com.alibaba.nacos.common.remote.client   : [180ff508-4ce7-4ea3-82f2-d457835e65d8] Register server push request handler:com.alibaba.nacos.common.remote.client.RpcClient$ConnectResetRequestHandler
09:24:24:372  INFO 32568 --- [com.alibaba.nacos.client.remote.worker] com.alibaba.nacos.common.remote.client   : [180ff508-4ce7-4ea3-82f2-d457835e65d8] Notify connected event to listeners.
09:24:24:372  INFO 32568 --- [main] com.alibaba.nacos.common.remote.client   : [180ff508-4ce7-4ea3-82f2-d457835e65d8] Register server push request handler:com.alibaba.nacos.common.remote.client.RpcClient$$Lambda$465/0x0000000800412c40
09:24:26:433  INFO 32568 --- [main] ConditionEvaluationReportLoggingListener : 

Error starting ApplicationContext. To display the conditions report re-run your application with 'debug' enabled.
09:24:26:456 ERROR 32568 --- [main] o.s.b.d.LoggingFailureAnalysisReporter   : 

***************************
APPLICATION FAILED TO START
***************************

Description:

Web server failed to start. Port 8080 was already in use.

Action:

Identify and stop the process that's listening on port 8080 or configure this application to listen on another port.

09:24:27:417  WARN 32568 --- [Thread-1] c.a.n.common.http.HttpClientBeanHolder   : [HttpClientBeanHolder] Start destroying common HttpClient
09:24:27:417  WARN 32568 --- [Thread-5] c.a.nacos.common.notify.NotifyCenter     : [NotifyCenter] Start destroying Publisher
09:24:27:418  WARN 32568 --- [Thread-5] c.a.nacos.common.notify.NotifyCenter     : [NotifyCenter] Destruction of the end
09:24:27:418  WARN 32568 --- [Thread-1] c.a.n.common.http.HttpClientBeanHolder   : [HttpClientBeanHolder] Destruction of the end
09:52:44:106  INFO 16760 --- [main] com.hmall.gateway.GateWayApplication     : The following 1 profile is active: "dev"
09:52:44:522  INFO 16760 --- [main] o.s.cloud.context.scope.GenericScope     : BeanFactory id=d4d2398b-f6a3-35ca-bce9-defa98b7eb59
09:52:44:557  INFO 16760 --- [main] trationDelegate$BeanPostProcessorChecker : Bean 'org.springframework.cloud.client.loadbalancer.reactive.LoadBalancerBeanPostProcessorAutoConfiguration' of type [org.springframework.cloud.client.loadbalancer.reactive.LoadBalancerBeanPostProcessorAutoConfiguration] is not eligible for getting processed by all BeanPostProcessors (for example: not eligible for auto-proxying)
09:52:44:558  INFO 16760 --- [main] trationDelegate$BeanPostProcessorChecker : Bean 'org.springframework.cloud.client.loadbalancer.reactive.LoadBalancerBeanPostProcessorAutoConfiguration$ReactorDeferringLoadBalancerFilterConfig' of type [org.springframework.cloud.client.loadbalancer.reactive.LoadBalancerBeanPostProcessorAutoConfiguration$ReactorDeferringLoadBalancerFilterConfig] is not eligible for getting processed by all BeanPostProcessors (for example: not eligible for auto-proxying)
09:52:44:559  INFO 16760 --- [main] trationDelegate$BeanPostProcessorChecker : Bean 'reactorDeferringLoadBalancerExchangeFilterFunction' of type [org.springframework.cloud.client.loadbalancer.reactive.DeferringLoadBalancerExchangeFilterFunction] is not eligible for getting processed by all BeanPostProcessors (for example: not eligible for auto-proxying)
09:52:44:969  INFO 16760 --- [main] c.h.gateway.routers.DynamicRouteLoader   : 更新路由表: [
    {
        "id": "item",
        "predicates": [{
            "name": "Path",
            "args": {"_genkey_0":"/items/**", "_genkey_1":"/search/**"}
        }],
        "filters": [],
        "uri": "lb://item-service"
    },
    {
        "id": "cart",
        "predicates": [{
            "name": "Path",
            "args": {"_genkey_0":"/carts/**"}
        }],
        "filters": [],
        "uri": "lb://cart-service"
    },
    {
        "id": "user",
        "predicates": [{
            "name": "Path",
            "args": {"_genkey_0":"/users/**", "_genkey_1":"/addresses/**"}
        }],
        "filters": [],
        "uri": "lb://user-service"
    },
    {
        "id": "trade",
        "predicates": [{
            "name": "Path",
            "args": {"_genkey_0":"/orders/**"}
        }],
        "filters": [],
        "uri": "lb://trade-service"
    },
    {
        "id": "pay",
        "predicates": [{
            "name": "Path",
            "args": {"_genkey_0":"/pay-orders/**"}
        }],
        "filters": [],
        "uri": "lb://pay-service"
    }
]
09:52:46:045  INFO 16760 --- [main] o.s.c.g.r.RouteDefinitionRouteLocator    : Loaded RoutePredicateFactory [After]
09:52:46:045  INFO 16760 --- [main] o.s.c.g.r.RouteDefinitionRouteLocator    : Loaded RoutePredicateFactory [Before]
09:52:46:045  INFO 16760 --- [main] o.s.c.g.r.RouteDefinitionRouteLocator    : Loaded RoutePredicateFactory [Between]
09:52:46:045  INFO 16760 --- [main] o.s.c.g.r.RouteDefinitionRouteLocator    : Loaded RoutePredicateFactory [Cookie]
09:52:46:045  INFO 16760 --- [main] o.s.c.g.r.RouteDefinitionRouteLocator    : Loaded RoutePredicateFactory [Header]
09:52:46:046  INFO 16760 --- [main] o.s.c.g.r.RouteDefinitionRouteLocator    : Loaded RoutePredicateFactory [Host]
09:52:46:046  INFO 16760 --- [main] o.s.c.g.r.RouteDefinitionRouteLocator    : Loaded RoutePredicateFactory [Method]
09:52:46:046  INFO 16760 --- [main] o.s.c.g.r.RouteDefinitionRouteLocator    : Loaded RoutePredicateFactory [Path]
09:52:46:046  INFO 16760 --- [main] o.s.c.g.r.RouteDefinitionRouteLocator    : Loaded RoutePredicateFactory [Query]
09:52:46:046  INFO 16760 --- [main] o.s.c.g.r.RouteDefinitionRouteLocator    : Loaded RoutePredicateFactory [ReadBody]
09:52:46:046  INFO 16760 --- [main] o.s.c.g.r.RouteDefinitionRouteLocator    : Loaded RoutePredicateFactory [RemoteAddr]
09:52:46:046  INFO 16760 --- [main] o.s.c.g.r.RouteDefinitionRouteLocator    : Loaded RoutePredicateFactory [XForwardedRemoteAddr]
09:52:46:046  INFO 16760 --- [main] o.s.c.g.r.RouteDefinitionRouteLocator    : Loaded RoutePredicateFactory [Weight]
09:52:46:046  INFO 16760 --- [main] o.s.c.g.r.RouteDefinitionRouteLocator    : Loaded RoutePredicateFactory [CloudFoundryRouteService]
09:52:46:832  INFO 16760 --- [main] com.alibaba.nacos.common.remote.client   : [RpcClientFactory] create a new rpc client of 6d989b47-90ee-4b4a-a8db-9b5822c53e3f
09:52:46:832  INFO 16760 --- [main] com.alibaba.nacos.common.remote.client   : [6d989b47-90ee-4b4a-a8db-9b5822c53e3f] RpcClient init label, labels = {module=naming, source=sdk}
09:52:46:833  INFO 16760 --- [main] com.alibaba.nacos.common.remote.client   : [6d989b47-90ee-4b4a-a8db-9b5822c53e3f] RpcClient init, ServerListFactory = com.alibaba.nacos.client.naming.core.ServerListManager
09:52:46:834  INFO 16760 --- [main] com.alibaba.nacos.common.remote.client   : [6d989b47-90ee-4b4a-a8db-9b5822c53e3f] Registry connection listener to current client:com.alibaba.nacos.client.naming.remote.gprc.redo.NamingGrpcRedoService
09:52:46:834  INFO 16760 --- [main] com.alibaba.nacos.common.remote.client   : [6d989b47-90ee-4b4a-a8db-9b5822c53e3f] Register server push request handler:com.alibaba.nacos.client.naming.remote.gprc.NamingPushRequestHandler
09:52:46:834  INFO 16760 --- [main] com.alibaba.nacos.common.remote.client   : [6d989b47-90ee-4b4a-a8db-9b5822c53e3f] Try to connect to server on start up, server: {serverIp = '192.168.100.128', server main port = 8848}
09:52:46:948  INFO 16760 --- [main] com.alibaba.nacos.common.remote.client   : [6d989b47-90ee-4b4a-a8db-9b5822c53e3f] Success to connect to server [192.168.100.128:8848] on start up, connectionId = 1764208366233_192.168.100.1_3429
09:52:46:948  INFO 16760 --- [main] com.alibaba.nacos.common.remote.client   : [6d989b47-90ee-4b4a-a8db-9b5822c53e3f] Register server push request handler:com.alibaba.nacos.common.remote.client.RpcClient$ConnectResetRequestHandler
09:52:46:948  INFO 16760 --- [com.alibaba.nacos.client.remote.worker] com.alibaba.nacos.common.remote.client   : [6d989b47-90ee-4b4a-a8db-9b5822c53e3f] Notify connected event to listeners.
09:52:46:948  INFO 16760 --- [main] com.alibaba.nacos.common.remote.client   : [6d989b47-90ee-4b4a-a8db-9b5822c53e3f] Register server push request handler:com.alibaba.nacos.common.remote.client.RpcClient$$Lambda$465/0x0000000800413040
09:52:47:265  WARN 16760 --- [main] onfigReactiveWebServerApplicationContext : Exception encountered during context initialization - cancelling refresh attempt: org.springframework.context.ApplicationContextException: Failed to start bean 'webServerStartStop'; nested exception is org.springframework.boot.web.server.PortInUseException: Port 8080 is already in use
09:52:47:533  INFO 16760 --- [nacos-grpc-client-executor-6] com.alibaba.nacos.common.remote.client   : [6d989b47-90ee-4b4a-a8db-9b5822c53e3f] Receive server push request, request = NotifySubscriberRequest, requestId = 8
09:52:47:535  INFO 16760 --- [nacos-grpc-client-executor-6] com.alibaba.nacos.common.remote.client   : [6d989b47-90ee-4b4a-a8db-9b5822c53e3f] Ack server push request, request = NotifySubscriberRequest, requestId = 8
09:52:47:877  INFO 16760 --- [main] com.alibaba.nacos.common.remote.client   : Shutdown rpc client, set status to shutdown
09:52:47:877  INFO 16760 --- [main] com.alibaba.nacos.common.remote.client   : Shutdown client event executor java.util.concurrent.ScheduledThreadPoolExecutor@7131d668[Running, pool size = 2, active threads = 2, queued tasks = 0, completed tasks = 0]
09:52:47:877  INFO 16760 --- [main] com.alibaba.nacos.common.remote.client   : Close current connection 1764208366233_192.168.100.1_3429
09:52:47:879  INFO 16760 --- [nacos-grpc-client-executor-7] c.a.n.c.remote.client.grpc.GrpcClient    : [1764208366233_192.168.100.1_3429]Ignore complete event,isRunning:false,isAbandon=false
09:52:47:880  INFO 16760 --- [main] c.a.n.c.remote.client.grpc.GrpcClient    : Shutdown grpc executor java.util.concurrent.ThreadPoolExecutor@7db06c50[Running, pool size = 8, active threads = 0, queued tasks = 0, completed tasks = 8]
09:52:47:882  INFO 16760 --- [main] com.alibaba.nacos.common.remote.client   : [RpcClientFactory] create a new rpc client of d4027cd7-ec52-49fc-9e3d-c6b0c2266e40
09:52:47:882  INFO 16760 --- [main] com.alibaba.nacos.common.remote.client   : [d4027cd7-ec52-49fc-9e3d-c6b0c2266e40] RpcClient init label, labels = {module=naming, source=sdk}
09:52:47:883  INFO 16760 --- [main] com.alibaba.nacos.common.remote.client   : [d4027cd7-ec52-49fc-9e3d-c6b0c2266e40] RpcClient init, ServerListFactory = com.alibaba.nacos.client.naming.core.ServerListManager
09:52:47:883  INFO 16760 --- [main] com.alibaba.nacos.common.remote.client   : [d4027cd7-ec52-49fc-9e3d-c6b0c2266e40] Registry connection listener to current client:com.alibaba.nacos.client.naming.remote.gprc.redo.NamingGrpcRedoService
09:52:47:883  INFO 16760 --- [main] com.alibaba.nacos.common.remote.client   : [d4027cd7-ec52-49fc-9e3d-c6b0c2266e40] Register server push request handler:com.alibaba.nacos.client.naming.remote.gprc.NamingPushRequestHandler
09:52:47:883  INFO 16760 --- [main] com.alibaba.nacos.common.remote.client   : [d4027cd7-ec52-49fc-9e3d-c6b0c2266e40] Try to connect to server on start up, server: {serverIp = '192.168.100.128', server main port = 8848}
09:52:47:995  INFO 16760 --- [main] com.alibaba.nacos.common.remote.client   : [d4027cd7-ec52-49fc-9e3d-c6b0c2266e40] Success to connect to server [192.168.100.128:8848] on start up, connectionId = 1764208367282_192.168.100.1_3459
09:52:47:995  INFO 16760 --- [main] com.alibaba.nacos.common.remote.client   : [d4027cd7-ec52-49fc-9e3d-c6b0c2266e40] Register server push request handler:com.alibaba.nacos.common.remote.client.RpcClient$ConnectResetRequestHandler
09:52:47:995  INFO 16760 --- [com.alibaba.nacos.client.remote.worker] com.alibaba.nacos.common.remote.client   : [d4027cd7-ec52-49fc-9e3d-c6b0c2266e40] Notify connected event to listeners.
09:52:47:995  INFO 16760 --- [main] com.alibaba.nacos.common.remote.client   : [d4027cd7-ec52-49fc-9e3d-c6b0c2266e40] Register server push request handler:com.alibaba.nacos.common.remote.client.RpcClient$$Lambda$465/0x0000000800413040
09:52:50:026  INFO 16760 --- [main] ConditionEvaluationReportLoggingListener : 

Error starting ApplicationContext. To display the conditions report re-run your application with 'debug' enabled.
09:52:50:040 ERROR 16760 --- [main] o.s.b.d.LoggingFailureAnalysisReporter   : 

***************************
APPLICATION FAILED TO START
***************************

Description:

Web server failed to start. Port 8080 was already in use.

Action:

Identify and stop the process that's listening on port 8080 or configure this application to listen on another port.

09:52:50:041  WARN 16760 --- [Thread-1] c.a.n.common.http.HttpClientBeanHolder   : [HttpClientBeanHolder] Start destroying common HttpClient
09:52:50:041  WARN 16760 --- [Thread-5] c.a.nacos.common.notify.NotifyCenter     : [NotifyCenter] Start destroying Publisher
09:52:50:041  WARN 16760 --- [Thread-5] c.a.nacos.common.notify.NotifyCenter     : [NotifyCenter] Destruction of the end
09:52:50:041  WARN 16760 --- [Thread-1] c.a.n.common.http.HttpClientBeanHolder   : [HttpClientBeanHolder] Destruction of the end
19:25:42:029  INFO 13972 --- [main] com.hmall.gateway.GateWayApplication     : The following 1 profile is active: "dev"
19:25:42:358  INFO 13972 --- [com.alibaba.nacos.client.remote.worker] com.alibaba.nacos.common.remote.client   : [e63807d3-f1bf-4f8d-9be1-591ada670d8e_config-0] Fail to connect server, after trying 3 times, last try server is {serverIp = '192.168.100.128', server main port = 8848}, error = unknown
19:25:42:513  INFO 13972 --- [main] o.s.cloud.context.scope.GenericScope     : BeanFactory id=d4d2398b-f6a3-35ca-bce9-defa98b7eb59
19:25:42:554  INFO 13972 --- [main] trationDelegate$BeanPostProcessorChecker : Bean 'org.springframework.cloud.client.loadbalancer.reactive.LoadBalancerBeanPostProcessorAutoConfiguration' of type [org.springframework.cloud.client.loadbalancer.reactive.LoadBalancerBeanPostProcessorAutoConfiguration] is not eligible for getting processed by all BeanPostProcessors (for example: not eligible for auto-proxying)
19:25:42:555  INFO 13972 --- [main] trationDelegate$BeanPostProcessorChecker : Bean 'org.springframework.cloud.client.loadbalancer.reactive.LoadBalancerBeanPostProcessorAutoConfiguration$ReactorDeferringLoadBalancerFilterConfig' of type [org.springframework.cloud.client.loadbalancer.reactive.LoadBalancerBeanPostProcessorAutoConfiguration$ReactorDeferringLoadBalancerFilterConfig] is not eligible for getting processed by all BeanPostProcessors (for example: not eligible for auto-proxying)
19:25:42:556  INFO 13972 --- [main] trationDelegate$BeanPostProcessorChecker : Bean 'reactorDeferringLoadBalancerExchangeFilterFunction' of type [org.springframework.cloud.client.loadbalancer.reactive.DeferringLoadBalancerExchangeFilterFunction] is not eligible for getting processed by all BeanPostProcessors (for example: not eligible for auto-proxying)
19:25:42:832  INFO 13972 --- [com.alibaba.nacos.client.remote.worker] com.alibaba.nacos.common.remote.client   : [e63807d3-f1bf-4f8d-9be1-591ada670d8e_config-0] Fail to connect server, after trying 4 times, last try server is {serverIp = '192.168.100.128', server main port = 8848}, error = unknown
19:25:43:123 ERROR 13972 --- [main] com.alibaba.nacos.common.remote.client   : Send request fail, request = ConfigQueryRequest{headers={charset=UTF-8, Client-AppName=unknown, Client-RequestToken=8a47074c555f59ff2c998caebbe8722a, Client-RequestTS=1764242743022, exConfigInfo=true, notify=false, Timestamp=1764242743022}, requestId='null'}, retryTimes = 0, errorMessage = Client not connected, current status:STARTING
19:25:43:223 ERROR 13972 --- [main] com.alibaba.nacos.common.remote.client   : Send request fail, request = ConfigQueryRequest{headers={charset=UTF-8, Client-AppName=unknown, Client-RequestToken=8a47074c555f59ff2c998caebbe8722a, Client-RequestTS=1764242743022, exConfigInfo=true, notify=false, Timestamp=1764242743022}, requestId='null'}, retryTimes = 1, errorMessage = Client not connected, current status:STARTING
19:25:43:323 ERROR 13972 --- [main] com.alibaba.nacos.common.remote.client   : Send request fail, request = ConfigQueryRequest{headers={charset=UTF-8, Client-AppName=unknown, Client-RequestToken=8a47074c555f59ff2c998caebbe8722a, Client-RequestTS=1764242743022, exConfigInfo=true, notify=false, Timestamp=1764242743022}, requestId='null'}, retryTimes = 2, errorMessage = Client not connected, current status:STARTING
19:25:43:339  INFO 13972 --- [main] c.h.gateway.routers.DynamicRouteLoader   : 更新路由表: [
    {
        "id": "item",
        "predicates": [{
            "name": "Path",
            "args": {"_genkey_0":"/items/**", "_genkey_1":"/search/**"}
        }],
        "filters": [],
        "uri": "lb://item-service"
    },
    {
        "id": "cart",
        "predicates": [{
            "name": "Path",
            "args": {"_genkey_0":"/carts/**"}
        }],
        "filters": [],
        "uri": "lb://cart-service"
    },
    {
        "id": "user",
        "predicates": [{
            "name": "Path",
            "args": {"_genkey_0":"/users/**", "_genkey_1":"/addresses/**"}
        }],
        "filters": [],
        "uri": "lb://user-service"
    },
    {
        "id": "trade",
        "predicates": [{
            "name": "Path",
            "args": {"_genkey_0":"/orders/**"}
        }],
        "filters": [],
        "uri": "lb://trade-service"
    },
    {
        "id": "pay",
        "predicates": [{
            "name": "Path",
            "args": {"_genkey_0":"/pay-orders/**"}
        }],
        "filters": [],
        "uri": "lb://pay-service"
    }
]
19:25:43:361  INFO 13972 --- [com.alibaba.nacos.client.remote.worker] com.alibaba.nacos.common.remote.client   : [e63807d3-f1bf-4f8d-9be1-591ada670d8e_config-0] Fail to connect server, after trying 5 times, last try server is {serverIp = '192.168.100.128', server main port = 8848}, error = unknown
19:25:43:444 ERROR 13972 --- [com.alibaba.nacos.client.Worker] com.alibaba.nacos.common.remote.client   : Send request fail, request = ConfigBatchListenRequest{headers={charset=UTF-8, Client-AppName=unknown, Client-RequestToken=43bbc56cd6ffd863593055b516c7fa4d, Client-RequestTS=1764242743341, exConfigInfo=true, Timestamp=1764242743341}, requestId='null'}, retryTimes = 0, errorMessage = Client not connected, current status:STARTING
19:25:43:544 ERROR 13972 --- [com.alibaba.nacos.client.Worker] com.alibaba.nacos.common.remote.client   : Send request fail, request = ConfigBatchListenRequest{headers={charset=UTF-8, Client-AppName=unknown, Client-RequestToken=43bbc56cd6ffd863593055b516c7fa4d, Client-RequestTS=1764242743341, exConfigInfo=true, Timestamp=1764242743341}, requestId='null'}, retryTimes = 1, errorMessage = Client not connected, current status:STARTING
19:25:43:645 ERROR 13972 --- [com.alibaba.nacos.client.Worker] com.alibaba.nacos.common.remote.client   : Send request fail, request = ConfigBatchListenRequest{headers={charset=UTF-8, Client-AppName=unknown, Client-RequestToken=43bbc56cd6ffd863593055b516c7fa4d, Client-RequestTS=1764242743341, exConfigInfo=true, Timestamp=1764242743341}, requestId='null'}, retryTimes = 2, errorMessage = Client not connected, current status:STARTING
19:25:44:011  INFO 13972 --- [com.alibaba.nacos.client.remote.worker] com.alibaba.nacos.common.remote.client   : [e63807d3-f1bf-4f8d-9be1-591ada670d8e_config-0] Fail to connect server, after trying 6 times, last try server is {serverIp = '192.168.100.128', server main port = 8848}, error = unknown
19:25:44:738  INFO 13972 --- [com.alibaba.nacos.client.remote.worker] com.alibaba.nacos.common.remote.client   : [e63807d3-f1bf-4f8d-9be1-591ada670d8e_config-0] Fail to connect server, after trying 7 times, last try server is {serverIp = '192.168.100.128', server main port = 8848}, error = unknown
19:25:45:017  INFO 13972 --- [main] o.s.c.g.r.RouteDefinitionRouteLocator    : Loaded RoutePredicateFactory [After]
19:25:45:017  INFO 13972 --- [main] o.s.c.g.r.RouteDefinitionRouteLocator    : Loaded RoutePredicateFactory [Before]
19:25:45:017  INFO 13972 --- [main] o.s.c.g.r.RouteDefinitionRouteLocator    : Loaded RoutePredicateFactory [Between]
19:25:45:018  INFO 13972 --- [main] o.s.c.g.r.RouteDefinitionRouteLocator    : Loaded RoutePredicateFactory [Cookie]
19:25:45:018  INFO 13972 --- [main] o.s.c.g.r.RouteDefinitionRouteLocator    : Loaded RoutePredicateFactory [Header]
19:25:45:018  INFO 13972 --- [main] o.s.c.g.r.RouteDefinitionRouteLocator    : Loaded RoutePredicateFactory [Host]
19:25:45:018  INFO 13972 --- [main] o.s.c.g.r.RouteDefinitionRouteLocator    : Loaded RoutePredicateFactory [Method]
19:25:45:018  INFO 13972 --- [main] o.s.c.g.r.RouteDefinitionRouteLocator    : Loaded RoutePredicateFactory [Path]
19:25:45:018  INFO 13972 --- [main] o.s.c.g.r.RouteDefinitionRouteLocator    : Loaded RoutePredicateFactory [Query]
19:25:45:018  INFO 13972 --- [main] o.s.c.g.r.RouteDefinitionRouteLocator    : Loaded RoutePredicateFactory [ReadBody]
19:25:45:018  INFO 13972 --- [main] o.s.c.g.r.RouteDefinitionRouteLocator    : Loaded RoutePredicateFactory [RemoteAddr]
19:25:45:018  INFO 13972 --- [main] o.s.c.g.r.RouteDefinitionRouteLocator    : Loaded RoutePredicateFactory [XForwardedRemoteAddr]
19:25:45:018  INFO 13972 --- [main] o.s.c.g.r.RouteDefinitionRouteLocator    : Loaded RoutePredicateFactory [Weight]
19:25:45:018  INFO 13972 --- [main] o.s.c.g.r.RouteDefinitionRouteLocator    : Loaded RoutePredicateFactory [CloudFoundryRouteService]
19:25:45:555  INFO 13972 --- [com.alibaba.nacos.client.remote.worker] com.alibaba.nacos.common.remote.client   : [e63807d3-f1bf-4f8d-9be1-591ada670d8e_config-0] Fail to connect server, after trying 8 times, last try server is {serverIp = '192.168.100.128', server main port = 8848}, error = unknown
19:25:46:039  INFO 13972 --- [main] com.alibaba.nacos.common.remote.client   : [RpcClientFactory] create a new rpc client of 646d0d1d-764f-49b2-abef-99c69fa6acb1
19:25:46:040  INFO 13972 --- [main] com.alibaba.nacos.common.remote.client   : [646d0d1d-764f-49b2-abef-99c69fa6acb1] RpcClient init label, labels = {module=naming, source=sdk}
19:25:46:040  INFO 13972 --- [main] com.alibaba.nacos.common.remote.client   : [646d0d1d-764f-49b2-abef-99c69fa6acb1] RpcClient init, ServerListFactory = com.alibaba.nacos.client.naming.core.ServerListManager
19:25:46:041  INFO 13972 --- [main] com.alibaba.nacos.common.remote.client   : [646d0d1d-764f-49b2-abef-99c69fa6acb1] Registry connection listener to current client:com.alibaba.nacos.client.naming.remote.gprc.redo.NamingGrpcRedoService
19:25:46:041  INFO 13972 --- [main] com.alibaba.nacos.common.remote.client   : [646d0d1d-764f-49b2-abef-99c69fa6acb1] Register server push request handler:com.alibaba.nacos.client.naming.remote.gprc.NamingPushRequestHandler
19:25:46:042  INFO 13972 --- [main] com.alibaba.nacos.common.remote.client   : [646d0d1d-764f-49b2-abef-99c69fa6acb1] Try to connect to server on start up, server: {serverIp = '192.168.100.128', server main port = 8848}
19:25:46:070  INFO 13972 --- [main] com.alibaba.nacos.common.remote.client   : [646d0d1d-764f-49b2-abef-99c69fa6acb1] Try to connect to server on start up, server: {serverIp = '192.168.100.128', server main port = 8848}
19:25:46:117  INFO 13972 --- [main] com.alibaba.nacos.common.remote.client   : [646d0d1d-764f-49b2-abef-99c69fa6acb1] Try to connect to server on start up, server: {serverIp = '192.168.100.128', server main port = 8848}
19:25:46:141  INFO 13972 --- [com.alibaba.nacos.client.remote.worker] com.alibaba.nacos.common.remote.client   : [646d0d1d-764f-49b2-abef-99c69fa6acb1] Try to reconnect to a new server, server is  not appointed, will choose a random server.
19:25:46:141  INFO 13972 --- [main] com.alibaba.nacos.common.remote.client   : [646d0d1d-764f-49b2-abef-99c69fa6acb1] Register server push request handler:com.alibaba.nacos.common.remote.client.RpcClient$ConnectResetRequestHandler
19:25:46:141  INFO 13972 --- [main] com.alibaba.nacos.common.remote.client   : [646d0d1d-764f-49b2-abef-99c69fa6acb1] Register server push request handler:com.alibaba.nacos.common.remote.client.RpcClient$$Lambda$465/0x0000000800529c40
19:25:46:244 ERROR 13972 --- [main] com.alibaba.nacos.common.remote.client   : Send request fail, request = SubscribeServiceRequest{headers={app=unknown}, requestId='null'}, retryTimes = 0, errorMessage = Client not connected, current status:STARTING
19:25:46:283  INFO 13972 --- [com.alibaba.nacos.client.remote.worker] com.alibaba.nacos.common.remote.client   : [646d0d1d-764f-49b2-abef-99c69fa6acb1] Success to connect a server [192.168.100.128:8848], connectionId = 1764242745232_192.168.100.1_7147
19:25:46:284  INFO 13972 --- [com.alibaba.nacos.client.remote.worker] com.alibaba.nacos.common.remote.client   : [646d0d1d-764f-49b2-abef-99c69fa6acb1] Notify connected event to listeners.
19:25:46:344 ERROR 13972 --- [main] com.alibaba.nacos.common.remote.client   : Send request fail, request = SubscribeServiceRequest{headers={app=unknown}, requestId='null'}, retryTimes = 1, errorMessage = Client not connected, current status:STARTING
19:25:46:578  INFO 13972 --- [com.alibaba.nacos.client.remote.worker] com.alibaba.nacos.common.remote.client   : [e63807d3-f1bf-4f8d-9be1-591ada670d8e_config-0] Success to connect a server [192.168.100.128:8848], connectionId = 1764242745531_192.168.100.1_7175
19:25:46:578  INFO 13972 --- [com.alibaba.nacos.client.remote.worker] com.alibaba.nacos.common.remote.client   : [e63807d3-f1bf-4f8d-9be1-591ada670d8e_config-0] Notify connected event to listeners.
19:25:46:914  INFO 13972 --- [nacos-grpc-client-executor-11] com.alibaba.nacos.common.remote.client   : [646d0d1d-764f-49b2-abef-99c69fa6acb1] Receive server push request, request = NotifySubscriberRequest, requestId = 1
19:25:46:915  INFO 13972 --- [nacos-grpc-client-executor-11] com.alibaba.nacos.common.remote.client   : [646d0d1d-764f-49b2-abef-99c69fa6acb1] Ack server push request, request = NotifySubscriberRequest, requestId = 1
19:25:46:925  INFO 13972 --- [main] o.s.b.web.embedded.netty.NettyWebServer  : Netty started on port 8080
19:25:48:154  INFO 13972 --- [main] c.a.c.n.registry.NacosServiceRegistry    : nacos registry, DEFAULT_GROUP gateway 216.1.1.22:8080 register finished
19:25:48:168  INFO 13972 --- [main] com.hmall.gateway.GateWayApplication     : Started GateWayApplication in 18.735 seconds (JVM running for 20.078)
19:25:48:171  INFO 13972 --- [main] c.a.c.n.refresh.NacosContextRefresher    : [Nacos Config] Listening config: dataId=gateway.yaml, group=DEFAULT_GROUP
19:25:48:172  INFO 13972 --- [main] c.a.c.n.refresh.NacosContextRefresher    : [Nacos Config] Listening config: dataId=gateway-dev.yaml, group=DEFAULT_GROUP
19:25:48:173  INFO 13972 --- [main] c.a.c.n.refresh.NacosContextRefresher    : [Nacos Config] Listening config: dataId=gateway, group=DEFAULT_GROUP
19:25:48:739  INFO 13972 --- [nacos-grpc-client-executor-14] com.alibaba.nacos.common.remote.client   : [646d0d1d-764f-49b2-abef-99c69fa6acb1] Receive server push request, request = NotifySubscriberRequest, requestId = 2
19:25:48:743  INFO 13972 --- [nacos-grpc-client-executor-14] com.alibaba.nacos.common.remote.client   : [646d0d1d-764f-49b2-abef-99c69fa6acb1] Ack server push request, request = NotifySubscriberRequest, requestId = 2
19:30:32:894  INFO 13972 --- [nacos-grpc-client-executor-76] com.alibaba.nacos.common.remote.client   : [646d0d1d-764f-49b2-abef-99c69fa6acb1] Receive server push request, request = NotifySubscriberRequest, requestId = 12
19:30:32:894  INFO 13972 --- [nacos-grpc-client-executor-76] com.alibaba.nacos.common.remote.client   : [646d0d1d-764f-49b2-abef-99c69fa6acb1] Ack server push request, request = NotifySubscriberRequest, requestId = 12
19:30:33:503  INFO 13972 --- [nacos-grpc-client-executor-79] com.alibaba.nacos.common.remote.client   : [646d0d1d-764f-49b2-abef-99c69fa6acb1] Receive server push request, request = NotifySubscriberRequest, requestId = 13
19:30:33:503  INFO 13972 --- [nacos-grpc-client-executor-79] com.alibaba.nacos.common.remote.client   : [646d0d1d-764f-49b2-abef-99c69fa6acb1] Ack server push request, request = NotifySubscriberRequest, requestId = 13
19:31:19:926  INFO 13972 --- [nacos-grpc-client-executor-90] com.alibaba.nacos.common.remote.client   : [646d0d1d-764f-49b2-abef-99c69fa6acb1] Receive server push request, request = NotifySubscriberRequest, requestId = 15
19:31:19:927  INFO 13972 --- [nacos-grpc-client-executor-90] com.alibaba.nacos.common.remote.client   : [646d0d1d-764f-49b2-abef-99c69fa6acb1] Ack server push request, request = NotifySubscriberRequest, requestId = 15
19:31:41:441  INFO 13972 --- [nacos-grpc-client-executor-97] com.alibaba.nacos.common.remote.client   : [646d0d1d-764f-49b2-abef-99c69fa6acb1] Receive server push request, request = NotifySubscriberRequest, requestId = 17
19:31:41:441  INFO 13972 --- [nacos-grpc-client-executor-97] com.alibaba.nacos.common.remote.client   : [646d0d1d-764f-49b2-abef-99c69fa6acb1] Ack server push request, request = NotifySubscriberRequest, requestId = 17
19:31:42:549  INFO 13972 --- [nacos-grpc-client-executor-100] com.alibaba.nacos.common.remote.client   : [646d0d1d-764f-49b2-abef-99c69fa6acb1] Receive server push request, request = NotifySubscriberRequest, requestId = 20
19:31:42:550  INFO 13972 --- [nacos-grpc-client-executor-100] com.alibaba.nacos.common.remote.client   : [646d0d1d-764f-49b2-abef-99c69fa6acb1] Ack server push request, request = NotifySubscriberRequest, requestId = 20
19:34:59:649  INFO 13972 --- [nacos-grpc-client-executor-147] com.alibaba.nacos.common.remote.client   : [646d0d1d-764f-49b2-abef-99c69fa6acb1] Receive server push request, request = NotifySubscriberRequest, requestId = 22
19:34:59:651  INFO 13972 --- [nacos-grpc-client-executor-147] com.alibaba.nacos.common.remote.client   : [646d0d1d-764f-49b2-abef-99c69fa6acb1] Ack server push request, request = NotifySubscriberRequest, requestId = 22
19:43:06:210  INFO 13972 --- [nacos-grpc-client-executor-262] com.alibaba.nacos.common.remote.client   : [646d0d1d-764f-49b2-abef-99c69fa6acb1] Receive server push request, request = NotifySubscriberRequest, requestId = 24
19:43:06:212  INFO 13972 --- [nacos-grpc-client-executor-262] com.alibaba.nacos.common.remote.client   : [646d0d1d-764f-49b2-abef-99c69fa6acb1] Ack server push request, request = NotifySubscriberRequest, requestId = 24
21:05:18:794 ERROR 13972 --- [nacos-grpc-client-executor-1257] c.a.n.c.remote.client.grpc.GrpcClient    : [1764242745531_192.168.100.1_7175]Request stream error, switch server,error={}

com.alibaba.nacos.shaded.io.grpc.StatusRuntimeException: CANCELLED: HTTP/2 error code: CANCEL
Received Rst Stream
	at com.alibaba.nacos.shaded.io.grpc.Status.asRuntimeException(Status.java:533) ~[nacos-client-2.0.4.jar:na]
	at com.alibaba.nacos.shaded.io.grpc.stub.ClientCalls$StreamObserverToCallListenerAdapter.onClose(ClientCalls.java:442) ~[nacos-client-2.0.4.jar:na]
	at com.alibaba.nacos.shaded.io.grpc.PartialForwardingClientCallListener.onClose(PartialForwardingClientCallListener.java:39) ~[nacos-client-2.0.4.jar:na]
	at com.alibaba.nacos.shaded.io.grpc.ForwardingClientCallListener.onClose(ForwardingClientCallListener.java:23) ~[nacos-client-2.0.4.jar:na]
	at com.alibaba.nacos.shaded.io.grpc.ForwardingClientCallListener$SimpleForwardingClientCallListener.onClose(ForwardingClientCallListener.java:40) ~[nacos-client-2.0.4.jar:na]
	at com.alibaba.nacos.shaded.io.grpc.internal.CensusStatsModule$StatsClientInterceptor$1$1.onClose(CensusStatsModule.java:700) ~[nacos-client-2.0.4.jar:na]
	at com.alibaba.nacos.shaded.io.grpc.PartialForwardingClientCallListener.onClose(PartialForwardingClientCallListener.java:39) ~[nacos-client-2.0.4.jar:na]
	at com.alibaba.nacos.shaded.io.grpc.ForwardingClientCallListener.onClose(ForwardingClientCallListener.java:23) ~[nacos-client-2.0.4.jar:na]
	at com.alibaba.nacos.shaded.io.grpc.ForwardingClientCallListener$SimpleForwardingClientCallListener.onClose(ForwardingClientCallListener.java:40) ~[nacos-client-2.0.4.jar:na]
	at com.alibaba.nacos.shaded.io.grpc.internal.CensusTracingModule$TracingClientInterceptor$1$1.onClose(CensusTracingModule.java:399) ~[nacos-client-2.0.4.jar:na]
	at com.alibaba.nacos.shaded.io.grpc.internal.ClientCallImpl.closeObserver(ClientCallImpl.java:510) ~[nacos-client-2.0.4.jar:na]
	at com.alibaba.nacos.shaded.io.grpc.internal.ClientCallImpl.access$300(ClientCallImpl.java:66) ~[nacos-client-2.0.4.jar:na]
	at com.alibaba.nacos.shaded.io.grpc.internal.ClientCallImpl$ClientStreamListenerImpl.close(ClientCallImpl.java:630) ~[nacos-client-2.0.4.jar:na]
	at com.alibaba.nacos.shaded.io.grpc.internal.ClientCallImpl$ClientStreamListenerImpl.access$700(ClientCallImpl.java:518) ~[nacos-client-2.0.4.jar:na]
	at com.alibaba.nacos.shaded.io.grpc.internal.ClientCallImpl$ClientStreamListenerImpl$1StreamClosed.runInternal(ClientCallImpl.java:692) ~[nacos-client-2.0.4.jar:na]
	at com.alibaba.nacos.shaded.io.grpc.internal.ClientCallImpl$ClientStreamListenerImpl$1StreamClosed.runInContext(ClientCallImpl.java:681) ~[nacos-client-2.0.4.jar:na]
	at com.alibaba.nacos.shaded.io.grpc.internal.ContextRunnable.run(ContextRunnable.java:37) ~[nacos-client-2.0.4.jar:na]
	at com.alibaba.nacos.shaded.io.grpc.internal.SerializingExecutor.run(SerializingExecutor.java:123) ~[nacos-client-2.0.4.jar:na]
	at java.base/java.util.concurrent.ThreadPoolExecutor.runWorker(ThreadPoolExecutor.java:1128) ~[na:na]
	at java.base/java.util.concurrent.ThreadPoolExecutor$Worker.run(ThreadPoolExecutor.java:628) ~[na:na]
	at java.base/java.lang.Thread.run(Thread.java:834) ~[na:na]

21:05:18:794 ERROR 13972 --- [nacos-grpc-client-executor-1361] c.a.n.c.remote.client.grpc.GrpcClient    : [1764242745232_192.168.100.1_7147]Request stream error, switch server,error={}

com.alibaba.nacos.shaded.io.grpc.StatusRuntimeException: CANCELLED: HTTP/2 error code: CANCEL
Received Rst Stream
	at com.alibaba.nacos.shaded.io.grpc.Status.asRuntimeException(Status.java:533) ~[nacos-client-2.0.4.jar:na]
	at com.alibaba.nacos.shaded.io.grpc.stub.ClientCalls$StreamObserverToCallListenerAdapter.onClose(ClientCalls.java:442) ~[nacos-client-2.0.4.jar:na]
	at com.alibaba.nacos.shaded.io.grpc.PartialForwardingClientCallListener.onClose(PartialForwardingClientCallListener.java:39) ~[nacos-client-2.0.4.jar:na]
	at com.alibaba.nacos.shaded.io.grpc.ForwardingClientCallListener.onClose(ForwardingClientCallListener.java:23) ~[nacos-client-2.0.4.jar:na]
	at com.alibaba.nacos.shaded.io.grpc.ForwardingClientCallListener$SimpleForwardingClientCallListener.onClose(ForwardingClientCallListener.java:40) ~[nacos-client-2.0.4.jar:na]
	at com.alibaba.nacos.shaded.io.grpc.internal.CensusStatsModule$StatsClientInterceptor$1$1.onClose(CensusStatsModule.java:700) ~[nacos-client-2.0.4.jar:na]
	at com.alibaba.nacos.shaded.io.grpc.PartialForwardingClientCallListener.onClose(PartialForwardingClientCallListener.java:39) ~[nacos-client-2.0.4.jar:na]
	at com.alibaba.nacos.shaded.io.grpc.ForwardingClientCallListener.onClose(ForwardingClientCallListener.java:23) ~[nacos-client-2.0.4.jar:na]
	at com.alibaba.nacos.shaded.io.grpc.ForwardingClientCallListener$SimpleForwardingClientCallListener.onClose(ForwardingClientCallListener.java:40) ~[nacos-client-2.0.4.jar:na]
	at com.alibaba.nacos.shaded.io.grpc.internal.CensusTracingModule$TracingClientInterceptor$1$1.onClose(CensusTracingModule.java:399) ~[nacos-client-2.0.4.jar:na]
	at com.alibaba.nacos.shaded.io.grpc.internal.ClientCallImpl.closeObserver(ClientCallImpl.java:510) ~[nacos-client-2.0.4.jar:na]
	at com.alibaba.nacos.shaded.io.grpc.internal.ClientCallImpl.access$300(ClientCallImpl.java:66) ~[nacos-client-2.0.4.jar:na]
	at com.alibaba.nacos.shaded.io.grpc.internal.ClientCallImpl$ClientStreamListenerImpl.close(ClientCallImpl.java:630) ~[nacos-client-2.0.4.jar:na]
	at com.alibaba.nacos.shaded.io.grpc.internal.ClientCallImpl$ClientStreamListenerImpl.access$700(ClientCallImpl.java:518) ~[nacos-client-2.0.4.jar:na]
	at com.alibaba.nacos.shaded.io.grpc.internal.ClientCallImpl$ClientStreamListenerImpl$1StreamClosed.runInternal(ClientCallImpl.java:692) ~[nacos-client-2.0.4.jar:na]
	at com.alibaba.nacos.shaded.io.grpc.internal.ClientCallImpl$ClientStreamListenerImpl$1StreamClosed.runInContext(ClientCallImpl.java:681) ~[nacos-client-2.0.4.jar:na]
	at com.alibaba.nacos.shaded.io.grpc.internal.ContextRunnable.run(ContextRunnable.java:37) ~[nacos-client-2.0.4.jar:na]
	at com.alibaba.nacos.shaded.io.grpc.internal.SerializingExecutor.run(SerializingExecutor.java:123) ~[nacos-client-2.0.4.jar:na]
	at java.base/java.util.concurrent.ThreadPoolExecutor.runWorker(ThreadPoolExecutor.java:1128) ~[na:na]
	at java.base/java.util.concurrent.ThreadPoolExecutor$Worker.run(ThreadPoolExecutor.java:628) ~[na:na]
	at java.base/java.lang.Thread.run(Thread.java:834) ~[na:na]

21:05:18:804  INFO 13972 --- [com.alibaba.nacos.client.remote.worker] com.alibaba.nacos.common.remote.client   : [646d0d1d-764f-49b2-abef-99c69fa6acb1] Try to reconnect to a new server, server is  not appointed, will choose a random server.
21:05:18:804  INFO 13972 --- [com.alibaba.nacos.client.remote.worker] com.alibaba.nacos.common.remote.client   : [e63807d3-f1bf-4f8d-9be1-591ada670d8e_config-0] Try to reconnect to a new server, server is  not appointed, will choose a random server.
21:05:20:829 ERROR 13972 --- [com.alibaba.nacos.client.remote.worker] c.a.n.c.remote.client.grpc.GrpcClient    : Server check fail, please check server 192.168.100.128 ,port 9848 is available , error ={}

java.util.concurrent.ExecutionException: com.alibaba.nacos.shaded.io.grpc.StatusRuntimeException: UNAVAILABLE: io exception
	at com.alibaba.nacos.shaded.com.google.common.util.concurrent.AbstractFuture.getDoneValue(AbstractFuture.java:566) ~[nacos-client-2.0.4.jar:na]
	at com.alibaba.nacos.shaded.com.google.common.util.concurrent.AbstractFuture.get(AbstractFuture.java:445) ~[nacos-client-2.0.4.jar:na]
	at com.alibaba.nacos.common.remote.client.grpc.GrpcClient.serverCheck(GrpcClient.java:148) ~[nacos-client-2.0.4.jar:na]
	at com.alibaba.nacos.common.remote.client.grpc.GrpcClient.connectToServer(GrpcClient.java:264) ~[nacos-client-2.0.4.jar:na]
	at com.alibaba.nacos.common.remote.client.RpcClient.reconnect(RpcClient.java:522) ~[nacos-client-2.0.4.jar:na]
	at com.alibaba.nacos.common.remote.client.RpcClient.lambda$start$2(RpcClient.java:370) ~[nacos-client-2.0.4.jar:na]
	at java.base/java.util.concurrent.Executors$RunnableAdapter.call(Executors.java:515) ~[na:na]
	at java.base/java.util.concurrent.FutureTask.run(FutureTask.java:264) ~[na:na]
	at java.base/java.util.concurrent.ScheduledThreadPoolExecutor$ScheduledFutureTask.run(ScheduledThreadPoolExecutor.java:304) ~[na:na]
	at java.base/java.util.concurrent.ThreadPoolExecutor.runWorker(ThreadPoolExecutor.java:1128) ~[na:na]
	at java.base/java.util.concurrent.ThreadPoolExecutor$Worker.run(ThreadPoolExecutor.java:628) ~[na:na]
	at java.base/java.lang.Thread.run(Thread.java:834) ~[na:na]
Caused by: com.alibaba.nacos.shaded.io.grpc.StatusRuntimeException: UNAVAILABLE: io exception
	at com.alibaba.nacos.shaded.io.grpc.Status.asRuntimeException(Status.java:533) ~[nacos-client-2.0.4.jar:na]
	at com.alibaba.nacos.shaded.io.grpc.stub.ClientCalls$UnaryStreamToFuture.onClose(ClientCalls.java:490) ~[nacos-client-2.0.4.jar:na]
	at com.alibaba.nacos.shaded.io.grpc.PartialForwardingClientCallListener.onClose(PartialForwardingClientCallListener.java:39) ~[nacos-client-2.0.4.jar:na]
	at com.alibaba.nacos.shaded.io.grpc.ForwardingClientCallListener.onClose(ForwardingClientCallListener.java:23) ~[nacos-client-2.0.4.jar:na]
	at com.alibaba.nacos.shaded.io.grpc.ForwardingClientCallListener$SimpleForwardingClientCallListener.onClose(ForwardingClientCallListener.java:40) ~[nacos-client-2.0.4.jar:na]
	at com.alibaba.nacos.shaded.io.grpc.internal.CensusStatsModule$StatsClientInterceptor$1$1.onClose(CensusStatsModule.java:700) ~[nacos-client-2.0.4.jar:na]
	at com.alibaba.nacos.shaded.io.grpc.PartialForwardingClientCallListener.onClose(PartialForwardingClientCallListener.java:39) ~[nacos-client-2.0.4.jar:na]
	at com.alibaba.nacos.shaded.io.grpc.ForwardingClientCallListener.onClose(ForwardingClientCallListener.java:23) ~[nacos-client-2.0.4.jar:na]
	at com.alibaba.nacos.shaded.io.grpc.ForwardingClientCallListener$SimpleForwardingClientCallListener.onClose(ForwardingClientCallListener.java:40) ~[nacos-client-2.0.4.jar:na]
	at com.alibaba.nacos.shaded.io.grpc.internal.CensusTracingModule$TracingClientInterceptor$1$1.onClose(CensusTracingModule.java:399) ~[nacos-client-2.0.4.jar:na]
	at com.alibaba.nacos.shaded.io.grpc.internal.ClientCallImpl.closeObserver(ClientCallImpl.java:510) ~[nacos-client-2.0.4.jar:na]
	at com.alibaba.nacos.shaded.io.grpc.internal.ClientCallImpl.access$300(ClientCallImpl.java:66) ~[nacos-client-2.0.4.jar:na]
	at com.alibaba.nacos.shaded.io.grpc.internal.ClientCallImpl$ClientStreamListenerImpl.close(ClientCallImpl.java:630) ~[nacos-client-2.0.4.jar:na]
	at com.alibaba.nacos.shaded.io.grpc.internal.ClientCallImpl$ClientStreamListenerImpl.access$700(ClientCallImpl.java:518) ~[nacos-client-2.0.4.jar:na]
	at com.alibaba.nacos.shaded.io.grpc.internal.ClientCallImpl$ClientStreamListenerImpl$1StreamClosed.runInternal(ClientCallImpl.java:692) ~[nacos-client-2.0.4.jar:na]
	at com.alibaba.nacos.shaded.io.grpc.internal.ClientCallImpl$ClientStreamListenerImpl$1StreamClosed.runInContext(ClientCallImpl.java:681) ~[nacos-client-2.0.4.jar:na]
	at com.alibaba.nacos.shaded.io.grpc.internal.ContextRunnable.run(ContextRunnable.java:37) ~[nacos-client-2.0.4.jar:na]
	at com.alibaba.nacos.shaded.io.grpc.internal.SerializingExecutor.run(SerializingExecutor.java:123) ~[nacos-client-2.0.4.jar:na]
	... 3 common frames omitted
Caused by: com.alibaba.nacos.shaded.io.grpc.netty.shaded.io.netty.channel.AbstractChannel$AnnotatedConnectException: Connection refused: no further information: /192.168.100.128:9848
Caused by: java.net.ConnectException: Connection refused: no further information
	at java.base/sun.nio.ch.SocketChannelImpl.checkConnect(Native Method) ~[na:na]
	at java.base/sun.nio.ch.SocketChannelImpl.finishConnect(SocketChannelImpl.java:779) ~[na:na]
	at com.alibaba.nacos.shaded.io.grpc.netty.shaded.io.netty.channel.socket.nio.NioSocketChannel.doFinishConnect(NioSocketChannel.java:327) ~[nacos-client-2.0.4.jar:na]
	at com.alibaba.nacos.shaded.io.grpc.netty.shaded.io.netty.channel.nio.AbstractNioChannel$AbstractNioUnsafe.finishConnect(AbstractNioChannel.java:336) ~[nacos-client-2.0.4.jar:na]
	at com.alibaba.nacos.shaded.io.grpc.netty.shaded.io.netty.channel.nio.NioEventLoop.processSelectedKey(NioEventLoop.java:685) ~[nacos-client-2.0.4.jar:na]
	at com.alibaba.nacos.shaded.io.grpc.netty.shaded.io.netty.channel.nio.NioEventLoop.processSelectedKeysOptimized(NioEventLoop.java:632) ~[nacos-client-2.0.4.jar:na]
	at com.alibaba.nacos.shaded.io.grpc.netty.shaded.io.netty.channel.nio.NioEventLoop.processSelectedKeys(NioEventLoop.java:549) ~[nacos-client-2.0.4.jar:na]
	at com.alibaba.nacos.shaded.io.grpc.netty.shaded.io.netty.channel.nio.NioEventLoop.run(NioEventLoop.java:511) ~[nacos-client-2.0.4.jar:na]
	at com.alibaba.nacos.shaded.io.grpc.netty.shaded.io.netty.util.concurrent.SingleThreadEventExecutor$5.run(SingleThreadEventExecutor.java:918) ~[nacos-client-2.0.4.jar:na]
	at com.alibaba.nacos.shaded.io.grpc.netty.shaded.io.netty.util.internal.ThreadExecutorMap$2.run(ThreadExecutorMap.java:74) ~[nacos-client-2.0.4.jar:na]
	at com.alibaba.nacos.shaded.io.grpc.netty.shaded.io.netty.util.concurrent.FastThreadLocalRunnable.run(FastThreadLocalRunnable.java:30) ~[nacos-client-2.0.4.jar:na]
	at java.base/java.lang.Thread.run(Thread.java:834) ~[na:na]

21:05:20:829 ERROR 13972 --- [com.alibaba.nacos.client.remote.worker] c.a.n.c.remote.client.grpc.GrpcClient    : Server check fail, please check server 192.168.100.128 ,port 9848 is available , error ={}

java.util.concurrent.ExecutionException: com.alibaba.nacos.shaded.io.grpc.StatusRuntimeException: UNAVAILABLE: io exception
	at com.alibaba.nacos.shaded.com.google.common.util.concurrent.AbstractFuture.getDoneValue(AbstractFuture.java:566) ~[nacos-client-2.0.4.jar:na]
	at com.alibaba.nacos.shaded.com.google.common.util.concurrent.AbstractFuture.get(AbstractFuture.java:445) ~[nacos-client-2.0.4.jar:na]
	at com.alibaba.nacos.common.remote.client.grpc.GrpcClient.serverCheck(GrpcClient.java:148) ~[nacos-client-2.0.4.jar:na]
	at com.alibaba.nacos.common.remote.client.grpc.GrpcClient.connectToServer(GrpcClient.java:264) ~[nacos-client-2.0.4.jar:na]
	at com.alibaba.nacos.common.remote.client.RpcClient.reconnect(RpcClient.java:522) ~[nacos-client-2.0.4.jar:na]
	at com.alibaba.nacos.common.remote.client.RpcClient.lambda$start$2(RpcClient.java:370) ~[nacos-client-2.0.4.jar:na]
	at java.base/java.util.concurrent.Executors$RunnableAdapter.call(Executors.java:515) ~[na:na]
	at java.base/java.util.concurrent.FutureTask.run(FutureTask.java:264) ~[na:na]
	at java.base/java.util.concurrent.ScheduledThreadPoolExecutor$ScheduledFutureTask.run(ScheduledThreadPoolExecutor.java:304) ~[na:na]
	at java.base/java.util.concurrent.ThreadPoolExecutor.runWorker(ThreadPoolExecutor.java:1128) ~[na:na]
	at java.base/java.util.concurrent.ThreadPoolExecutor$Worker.run(ThreadPoolExecutor.java:628) ~[na:na]
	at java.base/java.lang.Thread.run(Thread.java:834) ~[na:na]
Caused by: com.alibaba.nacos.shaded.io.grpc.StatusRuntimeException: UNAVAILABLE: io exception
	at com.alibaba.nacos.shaded.io.grpc.Status.asRuntimeException(Status.java:533) ~[nacos-client-2.0.4.jar:na]
	at com.alibaba.nacos.shaded.io.grpc.stub.ClientCalls$UnaryStreamToFuture.onClose(ClientCalls.java:490) ~[nacos-client-2.0.4.jar:na]
	at com.alibaba.nacos.shaded.io.grpc.PartialForwardingClientCallListener.onClose(PartialForwardingClientCallListener.java:39) ~[nacos-client-2.0.4.jar:na]
	at com.alibaba.nacos.shaded.io.grpc.ForwardingClientCallListener.onClose(ForwardingClientCallListener.java:23) ~[nacos-client-2.0.4.jar:na]
	at com.alibaba.nacos.shaded.io.grpc.ForwardingClientCallListener$SimpleForwardingClientCallListener.onClose(ForwardingClientCallListener.java:40) ~[nacos-client-2.0.4.jar:na]
	at com.alibaba.nacos.shaded.io.grpc.internal.CensusStatsModule$StatsClientInterceptor$1$1.onClose(CensusStatsModule.java:700) ~[nacos-client-2.0.4.jar:na]
	at com.alibaba.nacos.shaded.io.grpc.PartialForwardingClientCallListener.onClose(PartialForwardingClientCallListener.java:39) ~[nacos-client-2.0.4.jar:na]
	at com.alibaba.nacos.shaded.io.grpc.ForwardingClientCallListener.onClose(ForwardingClientCallListener.java:23) ~[nacos-client-2.0.4.jar:na]
	at com.alibaba.nacos.shaded.io.grpc.ForwardingClientCallListener$SimpleForwardingClientCallListener.onClose(ForwardingClientCallListener.java:40) ~[nacos-client-2.0.4.jar:na]
	at com.alibaba.nacos.shaded.io.grpc.internal.CensusTracingModule$TracingClientInterceptor$1$1.onClose(CensusTracingModule.java:399) ~[nacos-client-2.0.4.jar:na]
	at com.alibaba.nacos.shaded.io.grpc.internal.ClientCallImpl.closeObserver(ClientCallImpl.java:510) ~[nacos-client-2.0.4.jar:na]
	at com.alibaba.nacos.shaded.io.grpc.internal.ClientCallImpl.access$300(ClientCallImpl.java:66) ~[nacos-client-2.0.4.jar:na]
	at com.alibaba.nacos.shaded.io.grpc.internal.ClientCallImpl$ClientStreamListenerImpl.close(ClientCallImpl.java:630) ~[nacos-client-2.0.4.jar:na]
	at com.alibaba.nacos.shaded.io.grpc.internal.ClientCallImpl$ClientStreamListenerImpl.access$700(ClientCallImpl.java:518) ~[nacos-client-2.0.4.jar:na]
	at com.alibaba.nacos.shaded.io.grpc.internal.ClientCallImpl$ClientStreamListenerImpl$1StreamClosed.runInternal(ClientCallImpl.java:692) ~[nacos-client-2.0.4.jar:na]
	at com.alibaba.nacos.shaded.io.grpc.internal.ClientCallImpl$ClientStreamListenerImpl$1StreamClosed.runInContext(ClientCallImpl.java:681) ~[nacos-client-2.0.4.jar:na]
	at com.alibaba.nacos.shaded.io.grpc.internal.ContextRunnable.run(ContextRunnable.java:37) ~[nacos-client-2.0.4.jar:na]
	at com.alibaba.nacos.shaded.io.grpc.internal.SerializingExecutor.run(SerializingExecutor.java:123) ~[nacos-client-2.0.4.jar:na]
	... 3 common frames omitted
Caused by: com.alibaba.nacos.shaded.io.grpc.netty.shaded.io.netty.channel.AbstractChannel$AnnotatedConnectException: Connection refused: no further information: /192.168.100.128:9848
Caused by: java.net.ConnectException: Connection refused: no further information
	at java.base/sun.nio.ch.SocketChannelImpl.checkConnect(Native Method) ~[na:na]
	at java.base/sun.nio.ch.SocketChannelImpl.finishConnect(SocketChannelImpl.java:779) ~[na:na]
	at com.alibaba.nacos.shaded.io.grpc.netty.shaded.io.netty.channel.socket.nio.NioSocketChannel.doFinishConnect(NioSocketChannel.java:327) ~[nacos-client-2.0.4.jar:na]
	at com.alibaba.nacos.shaded.io.grpc.netty.shaded.io.netty.channel.nio.AbstractNioChannel$AbstractNioUnsafe.finishConnect(AbstractNioChannel.java:336) ~[nacos-client-2.0.4.jar:na]
	at com.alibaba.nacos.shaded.io.grpc.netty.shaded.io.netty.channel.nio.NioEventLoop.processSelectedKey(NioEventLoop.java:685) ~[nacos-client-2.0.4.jar:na]
	at com.alibaba.nacos.shaded.io.grpc.netty.shaded.io.netty.channel.nio.NioEventLoop.processSelectedKeysOptimized(NioEventLoop.java:632) ~[nacos-client-2.0.4.jar:na]
	at com.alibaba.nacos.shaded.io.grpc.netty.shaded.io.netty.channel.nio.NioEventLoop.processSelectedKeys(NioEventLoop.java:549) ~[nacos-client-2.0.4.jar:na]
	at com.alibaba.nacos.shaded.io.grpc.netty.shaded.io.netty.channel.nio.NioEventLoop.run(NioEventLoop.java:511) ~[nacos-client-2.0.4.jar:na]
	at com.alibaba.nacos.shaded.io.grpc.netty.shaded.io.netty.util.concurrent.SingleThreadEventExecutor$5.run(SingleThreadEventExecutor.java:918) ~[nacos-client-2.0.4.jar:na]
	at com.alibaba.nacos.shaded.io.grpc.netty.shaded.io.netty.util.internal.ThreadExecutorMap$2.run(ThreadExecutorMap.java:74) ~[nacos-client-2.0.4.jar:na]
	at com.alibaba.nacos.shaded.io.grpc.netty.shaded.io.netty.util.concurrent.FastThreadLocalRunnable.run(FastThreadLocalRunnable.java:30) ~[nacos-client-2.0.4.jar:na]
	at java.base/java.lang.Thread.run(Thread.java:834) ~[na:na]

21:05:20:851 ERROR 13972 --- [com.alibaba.nacos.client.naming.updater.1] com.alibaba.nacos.common.remote.client   : Send request fail, request = ServiceQueryRequest{headers={app=unknown}, requestId='null'}, retryTimes = 0, errorMessage = Client not connected, current status:UNHEALTHY
21:05:20:952 ERROR 13972 --- [com.alibaba.nacos.client.naming.updater.1] com.alibaba.nacos.common.remote.client   : Send request fail, request = ServiceQueryRequest{headers={app=unknown}, requestId='null'}, retryTimes = 1, errorMessage = Client not connected, current status:UNHEALTHY
21:05:21:052 ERROR 13972 --- [com.alibaba.nacos.client.naming.updater.1] com.alibaba.nacos.common.remote.client   : Send request fail, request = ServiceQueryRequest{headers={app=unknown}, requestId='null'}, retryTimes = 2, errorMessage = Client not connected, current status:UNHEALTHY
21:05:23:157 ERROR 13972 --- [com.alibaba.nacos.client.naming.updater.1] com.alibaba.nacos.common.remote.client   : Send request fail, request = ServiceQueryRequest{headers={app=unknown}, requestId='null'}, retryTimes = 0, errorMessage = Client not connected, current status:UNHEALTHY
21:05:23:257 ERROR 13972 --- [com.alibaba.nacos.client.naming.updater.1] com.alibaba.nacos.common.remote.client   : Send request fail, request = ServiceQueryRequest{headers={app=unknown}, requestId='null'}, retryTimes = 1, errorMessage = Client not connected, current status:UNHEALTHY
21:05:23:358 ERROR 13972 --- [com.alibaba.nacos.client.naming.updater.1] com.alibaba.nacos.common.remote.client   : Send request fail, request = ServiceQueryRequest{headers={app=unknown}, requestId='null'}, retryTimes = 2, errorMessage = Client not connected, current status:UNHEALTHY
21:05:23:932 ERROR 13972 --- [com.alibaba.nacos.client.remote.worker] c.a.n.c.remote.client.grpc.GrpcClient    : Server check fail, please check server 192.168.100.128 ,port 9848 is available , error ={}

java.util.concurrent.TimeoutException: Waited 3000 milliseconds (plus 693900 nanoseconds delay) for com.alibaba.nacos.shaded.io.grpc.stub.ClientCalls$GrpcFuture@31cec06[status=PENDING, info=[GrpcFuture{clientCall={delegate={delegate=ClientCallImpl{method=MethodDescriptor{fullMethodName=Request/request, type=UNARY, idempotent=false, safe=false, sampledToLocalTracing=true, requestMarshaller=com.alibaba.nacos.shaded.io.grpc.protobuf.lite.ProtoLiteUtils$MessageMarshaller@6f2e1024, responseMarshaller=com.alibaba.nacos.shaded.io.grpc.protobuf.lite.ProtoLiteUtils$MessageMarshaller@536d97f8, schemaDescriptor=com.alibaba.nacos.api.grpc.auto.RequestGrpc$RequestMethodDescriptorSupplier@3c50ad4b}}}}}]]
	at com.alibaba.nacos.shaded.com.google.common.util.concurrent.AbstractFuture.get(AbstractFuture.java:508) ~[nacos-client-2.0.4.jar:na]
	at com.alibaba.nacos.common.remote.client.grpc.GrpcClient.serverCheck(GrpcClient.java:148) ~[nacos-client-2.0.4.jar:na]
	at com.alibaba.nacos.common.remote.client.grpc.GrpcClient.connectToServer(GrpcClient.java:264) ~[nacos-client-2.0.4.jar:na]
	at com.alibaba.nacos.common.remote.client.RpcClient.reconnect(RpcClient.java:522) ~[nacos-client-2.0.4.jar:na]
	at com.alibaba.nacos.common.remote.client.RpcClient.lambda$start$2(RpcClient.java:370) ~[nacos-client-2.0.4.jar:na]
	at java.base/java.util.concurrent.Executors$RunnableAdapter.call(Executors.java:515) ~[na:na]
	at java.base/java.util.concurrent.FutureTask.run(FutureTask.java:264) ~[na:na]
	at java.base/java.util.concurrent.ScheduledThreadPoolExecutor$ScheduledFutureTask.run(ScheduledThreadPoolExecutor.java:304) ~[na:na]
	at java.base/java.util.concurrent.ThreadPoolExecutor.runWorker(ThreadPoolExecutor.java:1128) ~[na:na]
	at java.base/java.util.concurrent.ThreadPoolExecutor$Worker.run(ThreadPoolExecutor.java:628) ~[na:na]
	at java.base/java.lang.Thread.run(Thread.java:834) ~[na:na]

21:05:23:933 ERROR 13972 --- [com.alibaba.nacos.client.remote.worker] c.a.n.c.remote.client.grpc.GrpcClient    : Server check fail, please check server 192.168.100.128 ,port 9848 is available , error ={}

java.util.concurrent.TimeoutException: Waited 3000 milliseconds (plus 496600 nanoseconds delay) for com.alibaba.nacos.shaded.io.grpc.stub.ClientCalls$GrpcFuture@41f9a0e6[status=PENDING, info=[GrpcFuture{clientCall={delegate={delegate=ClientCallImpl{method=MethodDescriptor{fullMethodName=Request/request, type=UNARY, idempotent=false, safe=false, sampledToLocalTracing=true, requestMarshaller=com.alibaba.nacos.shaded.io.grpc.protobuf.lite.ProtoLiteUtils$MessageMarshaller@6f2e1024, responseMarshaller=com.alibaba.nacos.shaded.io.grpc.protobuf.lite.ProtoLiteUtils$MessageMarshaller@536d97f8, schemaDescriptor=com.alibaba.nacos.api.grpc.auto.RequestGrpc$RequestMethodDescriptorSupplier@3c50ad4b}}}}}]]
	at com.alibaba.nacos.shaded.com.google.common.util.concurrent.AbstractFuture.get(AbstractFuture.java:508) ~[nacos-client-2.0.4.jar:na]
	at com.alibaba.nacos.common.remote.client.grpc.GrpcClient.serverCheck(GrpcClient.java:148) ~[nacos-client-2.0.4.jar:na]
	at com.alibaba.nacos.common.remote.client.grpc.GrpcClient.connectToServer(GrpcClient.java:264) ~[nacos-client-2.0.4.jar:na]
	at com.alibaba.nacos.common.remote.client.RpcClient.reconnect(RpcClient.java:522) ~[nacos-client-2.0.4.jar:na]
	at com.alibaba.nacos.common.remote.client.RpcClient.lambda$start$2(RpcClient.java:370) ~[nacos-client-2.0.4.jar:na]
	at java.base/java.util.concurrent.Executors$RunnableAdapter.call(Executors.java:515) ~[na:na]
	at java.base/java.util.concurrent.FutureTask.run(FutureTask.java:264) ~[na:na]
	at java.base/java.util.concurrent.ScheduledThreadPoolExecutor$ScheduledFutureTask.run(ScheduledThreadPoolExecutor.java:304) ~[na:na]
	at java.base/java.util.concurrent.ThreadPoolExecutor.runWorker(ThreadPoolExecutor.java:1128) ~[na:na]
	at java.base/java.util.concurrent.ThreadPoolExecutor$Worker.run(ThreadPoolExecutor.java:628) ~[na:na]
	at java.base/java.lang.Thread.run(Thread.java:834) ~[na:na]

21:05:23:934  INFO 13972 --- [com.alibaba.nacos.client.remote.worker] com.alibaba.nacos.common.remote.client   : [e63807d3-f1bf-4f8d-9be1-591ada670d8e_config-0] Fail to connect server, after trying 1 times, last try server is {serverIp = '192.168.100.128', server main port = 8848}, error = unknown
21:05:23:934  INFO 13972 --- [com.alibaba.nacos.client.remote.worker] com.alibaba.nacos.common.remote.client   : [646d0d1d-764f-49b2-abef-99c69fa6acb1] Fail to connect server, after trying 1 times, last try server is {serverIp = '192.168.100.128', server main port = 8848}, error = unknown
21:05:24:405  WARN 13972 --- [Thread-1] c.a.n.common.http.HttpClientBeanHolder   : [HttpClientBeanHolder] Start destroying common HttpClient
21:05:24:408  WARN 13972 --- [Thread-5] c.a.nacos.common.notify.NotifyCenter     : [NotifyCenter] Start destroying Publisher
21:05:24:408  WARN 13972 --- [Thread-5] c.a.nacos.common.notify.NotifyCenter     : [NotifyCenter] Destruction of the end
21:05:24:409  WARN 13972 --- [Thread-1] c.a.n.common.http.HttpClientBeanHolder   : [HttpClientBeanHolder] Destruction of the end
21:05:24:573 ERROR 13972 --- [SpringApplicationShutdownHook] com.alibaba.nacos.common.remote.client   : Send request fail, request = SubscribeServiceRequest{headers={app=unknown}, requestId='null'}, retryTimes = 0, errorMessage = Client not connected, current status:UNHEALTHY
21:05:24:676 ERROR 13972 --- [SpringApplicationShutdownHook] com.alibaba.nacos.common.remote.client   : Send request fail, request = SubscribeServiceRequest{headers={app=unknown}, requestId='null'}, retryTimes = 1, errorMessage = Client not connected, current status:UNHEALTHY
21:05:24:777 ERROR 13972 --- [SpringApplicationShutdownHook] com.alibaba.nacos.common.remote.client   : Send request fail, request = SubscribeServiceRequest{headers={app=unknown}, requestId='null'}, retryTimes = 2, errorMessage = Client not connected, current status:UNHEALTHY
21:05:24:794 ERROR 13972 --- [SpringApplicationShutdownHook] c.a.cloud.nacos.discovery.NacosWatch     : namingService unsubscribe failed, properties:NacosDiscoveryProperties{serverAddr='192.168.100.128:8848', username='', password='', endpoint='', namespace='', watchDelay=30000, logName='', service='gateway', weight=1.0, clusterName='DEFAULT', group='DEFAULT_GROUP', namingLoadCacheAtStart='false', metadata={preserved.register.source=SPRING_CLOUD}, registerEnabled=true, ip='216.1.1.22', networkInterface='', port=8080, secure=false, accessKey='', secretKey='', heartBeatInterval=null, heartBeatTimeout=null, ipDeleteTimeout=null, instanceEnabled=true, ephemeral=true, failureToleranceEnabled=false}, ipDeleteTimeout=null, failFast=true}

com.alibaba.nacos.api.exception.NacosException: Request nacos server failed: 
	at com.alibaba.nacos.client.naming.remote.gprc.NamingGrpcClientProxy.requestToServer(NamingGrpcClientProxy.java:290) ~[nacos-client-2.0.4.jar:na]
	at com.alibaba.nacos.client.naming.remote.gprc.NamingGrpcClientProxy.doUnsubscribe(NamingGrpcClientProxy.java:260) ~[nacos-client-2.0.4.jar:na]
	at com.alibaba.nacos.client.naming.remote.gprc.NamingGrpcClientProxy.unsubscribe(NamingGrpcClientProxy.java:241) ~[nacos-client-2.0.4.jar:na]
	at com.alibaba.nacos.client.naming.remote.NamingClientProxyDelegate.unsubscribe(NamingClientProxyDelegate.java:157) ~[nacos-client-2.0.4.jar:na]
	at com.alibaba.nacos.client.naming.NacosNamingService.unsubscribe(NacosNamingService.java:417) ~[nacos-client-2.0.4.jar:na]
	at com.alibaba.cloud.nacos.discovery.NacosWatch.stop(NacosWatch.java:174) ~[spring-cloud-starter-alibaba-nacos-discovery-2021.0.4.0.jar:2021.0.4.0]
	at com.alibaba.cloud.nacos.discovery.NacosWatch.stop(NacosWatch.java:107) ~[spring-cloud-starter-alibaba-nacos-discovery-2021.0.4.0.jar:2021.0.4.0]
	at org.springframework.context.support.DefaultLifecycleProcessor.doStop(DefaultLifecycleProcessor.java:234) ~[spring-context-5.3.27.jar:5.3.27]
	at org.springframework.context.support.DefaultLifecycleProcessor.access$300(DefaultLifecycleProcessor.java:54) ~[spring-context-5.3.27.jar:5.3.27]
	at org.springframework.context.support.DefaultLifecycleProcessor$LifecycleGroup.stop(DefaultLifecycleProcessor.java:373) ~[spring-context-5.3.27.jar:5.3.27]
	at org.springframework.context.support.DefaultLifecycleProcessor.stopBeans(DefaultLifecycleProcessor.java:206) ~[spring-context-5.3.27.jar:5.3.27]
	at org.springframework.context.support.DefaultLifecycleProcessor.onClose(DefaultLifecycleProcessor.java:129) ~[spring-context-5.3.27.jar:5.3.27]
	at org.springframework.context.support.AbstractApplicationContext.doClose(AbstractApplicationContext.java:1069) ~[spring-context-5.3.27.jar:5.3.27]
	at org.springframework.boot.web.reactive.context.ReactiveWebServerApplicationContext.doClose(ReactiveWebServerApplicationContext.java:149) ~[spring-boot-2.7.12.jar:2.7.12]
	at org.springframework.context.support.AbstractApplicationContext.close(AbstractApplicationContext.java:1023) ~[spring-context-5.3.27.jar:5.3.27]
	at org.springframework.boot.SpringApplicationShutdownHook.closeAndWait(SpringApplicationShutdownHook.java:145) ~[spring-boot-2.7.12.jar:2.7.12]
	at java.base/java.lang.Iterable.forEach(Iterable.java:75) ~[na:na]
	at org.springframework.boot.SpringApplicationShutdownHook.run(SpringApplicationShutdownHook.java:114) ~[spring-boot-2.7.12.jar:2.7.12]
	at java.base/java.lang.Thread.run(Thread.java:834) ~[na:na]
Caused by: com.alibaba.nacos.api.exception.NacosException: Client not connected, current status:UNHEALTHY
	at com.alibaba.nacos.common.remote.client.RpcClient.request(RpcClient.java:650) ~[nacos-client-2.0.4.jar:na]
	at com.alibaba.nacos.common.remote.client.RpcClient.request(RpcClient.java:630) ~[nacos-client-2.0.4.jar:na]
	at com.alibaba.nacos.client.naming.remote.gprc.NamingGrpcClientProxy.requestToServer(NamingGrpcClientProxy.java:280) ~[nacos-client-2.0.4.jar:na]
	... 18 common frames omitted

21:05:24:867  INFO 13972 --- [SpringApplicationShutdownHook] c.a.c.n.registry.NacosServiceRegistry    : De-registering from Nacos Server now...
21:05:24:979 ERROR 13972 --- [SpringApplicationShutdownHook] com.alibaba.nacos.common.remote.client   : Send request fail, request = InstanceRequest{headers={app=unknown}, requestId='null'}, retryTimes = 0, errorMessage = Client not connected, current status:UNHEALTHY
21:05:25:079 ERROR 13972 --- [SpringApplicationShutdownHook] com.alibaba.nacos.common.remote.client   : Send request fail, request = InstanceRequest{headers={app=unknown}, requestId='null'}, retryTimes = 1, errorMessage = Client not connected, current status:UNHEALTHY
21:05:25:181 ERROR 13972 --- [SpringApplicationShutdownHook] com.alibaba.nacos.common.remote.client   : Send request fail, request = InstanceRequest{headers={app=unknown}, requestId='null'}, retryTimes = 2, errorMessage = Client not connected, current status:UNHEALTHY
21:05:25:195 ERROR 13972 --- [SpringApplicationShutdownHook] c.a.c.n.registry.NacosServiceRegistry    : ERR_NACOS_DEREGISTER, de-register failed...NacosRegistration{nacosDiscoveryProperties=NacosDiscoveryProperties{serverAddr='192.168.100.128:8848', username='', password='', endpoint='', namespace='', watchDelay=30000, logName='', service='gateway', weight=1.0, clusterName='DEFAULT', group='DEFAULT_GROUP', namingLoadCacheAtStart='false', metadata={preserved.register.source=SPRING_CLOUD}, registerEnabled=true, ip='216.1.1.22', networkInterface='', port=8080, secure=false, accessKey='', secretKey='', heartBeatInterval=null, heartBeatTimeout=null, ipDeleteTimeout=null, instanceEnabled=true, ephemeral=true, failureToleranceEnabled=false}, ipDeleteTimeout=null, failFast=true}},

com.alibaba.nacos.api.exception.NacosException: Request nacos server failed: 
	at com.alibaba.nacos.client.naming.remote.gprc.NamingGrpcClientProxy.requestToServer(NamingGrpcClientProxy.java:290) ~[nacos-client-2.0.4.jar:na]
	at com.alibaba.nacos.client.naming.remote.gprc.NamingGrpcClientProxy.doDeregisterService(NamingGrpcClientProxy.java:153) ~[nacos-client-2.0.4.jar:na]
	at com.alibaba.nacos.client.naming.remote.gprc.NamingGrpcClientProxy.deregisterService(NamingGrpcClientProxy.java:139) ~[nacos-client-2.0.4.jar:na]
	at com.alibaba.nacos.client.naming.remote.NamingClientProxyDelegate.deregisterService(NamingClientProxyDelegate.java:99) ~[nacos-client-2.0.4.jar:na]
	at com.alibaba.nacos.client.naming.NacosNamingService.deregisterInstance(NacosNamingService.java:180) ~[nacos-client-2.0.4.jar:na]
	at com.alibaba.nacos.client.naming.NacosNamingService.deregisterInstance(NacosNamingService.java:170) ~[nacos-client-2.0.4.jar:na]
	at com.alibaba.cloud.nacos.registry.NacosServiceRegistry.deregister(NacosServiceRegistry.java:106) ~[spring-cloud-starter-alibaba-nacos-discovery-2021.0.4.0.jar:2021.0.4.0]
	at org.springframework.cloud.client.serviceregistry.AbstractAutoServiceRegistration.deregister(AbstractAutoServiceRegistration.java:249) ~[spring-cloud-commons-3.1.3.jar:3.1.3]
	at org.springframework.cloud.client.serviceregistry.AbstractAutoServiceRegistration.stop(AbstractAutoServiceRegistration.java:264) ~[spring-cloud-commons-3.1.3.jar:3.1.3]
	at org.springframework.cloud.client.serviceregistry.AbstractAutoServiceRegistration.destroy(AbstractAutoServiceRegistration.java:201) ~[spring-cloud-commons-3.1.3.jar:3.1.3]
	at java.base/jdk.internal.reflect.NativeMethodAccessorImpl.invoke0(Native Method) ~[na:na]
	at java.base/jdk.internal.reflect.NativeMethodAccessorImpl.invoke(NativeMethodAccessorImpl.java:62) ~[na:na]
	at java.base/jdk.internal.reflect.DelegatingMethodAccessorImpl.invoke(DelegatingMethodAccessorImpl.java:43) ~[na:na]
	at java.base/java.lang.reflect.Method.invoke(Method.java:566) ~[na:na]
	at org.springframework.beans.factory.annotation.InitDestroyAnnotationBeanPostProcessor$LifecycleElement.invoke(InitDestroyAnnotationBeanPostProcessor.java:389) ~[spring-beans-5.3.27.jar:5.3.27]
	at org.springframework.beans.factory.annotation.InitDestroyAnnotationBeanPostProcessor$LifecycleMetadata.invokeDestroyMethods(InitDestroyAnnotationBeanPostProcessor.java:347) ~[spring-beans-5.3.27.jar:5.3.27]
	at org.springframework.beans.factory.annotation.InitDestroyAnnotationBeanPostProcessor.postProcessBeforeDestruction(InitDestroyAnnotationBeanPostProcessor.java:177) ~[spring-beans-5.3.27.jar:5.3.27]
	at org.springframework.beans.factory.support.DisposableBeanAdapter.destroy(DisposableBeanAdapter.java:197) ~[spring-beans-5.3.27.jar:5.3.27]
	at org.springframework.beans.factory.support.DefaultSingletonBeanRegistry.destroyBean(DefaultSingletonBeanRegistry.java:587) ~[spring-beans-5.3.27.jar:5.3.27]
	at org.springframework.beans.factory.support.DefaultSingletonBeanRegistry.destroySingleton(DefaultSingletonBeanRegistry.java:559) ~[spring-beans-5.3.27.jar:5.3.27]
	at org.springframework.beans.factory.support.DefaultListableBeanFactory.destroySingleton(DefaultListableBeanFactory.java:1163) ~[spring-beans-5.3.27.jar:5.3.27]
	at org.springframework.beans.factory.support.DefaultSingletonBeanRegistry.destroySingletons(DefaultSingletonBeanRegistry.java:520) ~[spring-beans-5.3.27.jar:5.3.27]
	at org.springframework.beans.factory.support.DefaultListableBeanFactory.destroySingletons(DefaultListableBeanFactory.java:1156) ~[spring-beans-5.3.27.jar:5.3.27]
	at org.springframework.context.support.AbstractApplicationContext.destroyBeans(AbstractApplicationContext.java:1108) ~[spring-context-5.3.27.jar:5.3.27]
	at org.springframework.context.support.AbstractApplicationContext.doClose(AbstractApplicationContext.java:1077) ~[spring-context-5.3.27.jar:5.3.27]
	at org.springframework.boot.web.reactive.context.ReactiveWebServerApplicationContext.doClose(ReactiveWebServerApplicationContext.java:149) ~[spring-boot-2.7.12.jar:2.7.12]
	at org.springframework.context.support.AbstractApplicationContext.close(AbstractApplicationContext.java:1023) ~[spring-context-5.3.27.jar:5.3.27]
	at org.springframework.boot.SpringApplicationShutdownHook.closeAndWait(SpringApplicationShutdownHook.java:145) ~[spring-boot-2.7.12.jar:2.7.12]
	at java.base/java.lang.Iterable.forEach(Iterable.java:75) ~[na:na]
	at org.springframework.boot.SpringApplicationShutdownHook.run(SpringApplicationShutdownHook.java:114) ~[spring-boot-2.7.12.jar:2.7.12]
	at java.base/java.lang.Thread.run(Thread.java:834) ~[na:na]
Caused by: com.alibaba.nacos.api.exception.NacosException: Client not connected, current status:UNHEALTHY
	at com.alibaba.nacos.common.remote.client.RpcClient.request(RpcClient.java:650) ~[nacos-client-2.0.4.jar:na]
	at com.alibaba.nacos.common.remote.client.RpcClient.request(RpcClient.java:630) ~[nacos-client-2.0.4.jar:na]
	at com.alibaba.nacos.client.naming.remote.gprc.NamingGrpcClientProxy.requestToServer(NamingGrpcClientProxy.java:280) ~[nacos-client-2.0.4.jar:na]
	... 30 common frames omitted

21:05:25:196  INFO 13972 --- [SpringApplicationShutdownHook] c.a.c.n.registry.NacosServiceRegistry    : De-registration finished.
21:05:25:503  INFO 13972 --- [SpringApplicationShutdownHook] com.alibaba.nacos.common.remote.client   : Shutdown rpc client, set status to shutdown
21:05:25:504  INFO 13972 --- [SpringApplicationShutdownHook] com.alibaba.nacos.common.remote.client   : Shutdown client event executor java.util.concurrent.ScheduledThreadPoolExecutor@b7e591a[Running, pool size = 2, active threads = 2, queued tasks = 0, completed tasks = 0]
21:05:25:504  INFO 13972 --- [SpringApplicationShutdownHook] com.alibaba.nacos.common.remote.client   : Close current connection 1764242745232_192.168.100.1_7147
21:05:25:504  INFO 13972 --- [SpringApplicationShutdownHook] c.a.n.c.remote.client.grpc.GrpcClient    : Shutdown grpc executor java.util.concurrent.ThreadPoolExecutor@22224e54[Running, pool size = 4, active threads = 0, queued tasks = 0, completed tasks = 1365]
21:05:25:504 ERROR 13972 --- [com.alibaba.nacos.client.remote.worker] c.a.n.c.remote.client.grpc.GrpcClient    : Server check fail, please check server 192.168.100.128 ,port 9848 is available , error ={}

java.lang.InterruptedException: null
	at com.alibaba.nacos.shaded.com.google.common.util.concurrent.AbstractFuture.get(AbstractFuture.java:438) ~[nacos-client-2.0.4.jar:na]
	at com.alibaba.nacos.common.remote.client.grpc.GrpcClient.serverCheck(GrpcClient.java:148) ~[nacos-client-2.0.4.jar:na]
	at com.alibaba.nacos.common.remote.client.grpc.GrpcClient.connectToServer(GrpcClient.java:264) ~[nacos-client-2.0.4.jar:na]
	at com.alibaba.nacos.common.remote.client.RpcClient.reconnect(RpcClient.java:522) ~[nacos-client-2.0.4.jar:na]
	at com.alibaba.nacos.common.remote.client.RpcClient.lambda$start$2(RpcClient.java:370) ~[nacos-client-2.0.4.jar:na]
	at java.base/java.util.concurrent.Executors$RunnableAdapter.call(Executors.java:515) ~[na:na]
	at java.base/java.util.concurrent.FutureTask.run(FutureTask.java:264) ~[na:na]
	at java.base/java.util.concurrent.ScheduledThreadPoolExecutor$ScheduledFutureTask.run(ScheduledThreadPoolExecutor.java:304) ~[na:na]
	at java.base/java.util.concurrent.ThreadPoolExecutor.runWorker(ThreadPoolExecutor.java:1128) ~[na:na]
	at java.base/java.util.concurrent.ThreadPoolExecutor$Worker.run(ThreadPoolExecutor.java:628) ~[na:na]
	at java.base/java.lang.Thread.run(Thread.java:834) ~[na:na]

21:05:25:506 ERROR 13972 --- [com.alibaba.nacos.client.remote.worker] c.a.n.c.remote.client.grpc.GrpcClient    : [646d0d1d-764f-49b2-abef-99c69fa6acb1]Fail to connect to server!,error={}

java.util.concurrent.RejectedExecutionException: Task com.alibaba.nacos.shaded.io.grpc.internal.SerializingExecutor@72ac5759 rejected from java.util.concurrent.ThreadPoolExecutor@22224e54[Terminated, pool size = 0, active threads = 0, queued tasks = 0, completed tasks = 1365]
	at java.base/java.util.concurrent.ThreadPoolExecutor$AbortPolicy.rejectedExecution(ThreadPoolExecutor.java:2055) ~[na:na]
	at java.base/java.util.concurrent.ThreadPoolExecutor.reject(ThreadPoolExecutor.java:825) ~[na:na]
	at java.base/java.util.concurrent.ThreadPoolExecutor.execute(ThreadPoolExecutor.java:1355) ~[na:na]
	at com.alibaba.nacos.shaded.io.grpc.internal.SerializingExecutor.schedule(SerializingExecutor.java:93) ~[nacos-client-2.0.4.jar:na]
	at com.alibaba.nacos.shaded.io.grpc.internal.SerializingExecutor.execute(SerializingExecutor.java:86) ~[nacos-client-2.0.4.jar:na]
	at com.alibaba.nacos.shaded.io.grpc.internal.ClientCallImpl$ClientStreamListenerImpl.closedInternal(ClientCallImpl.java:696) ~[nacos-client-2.0.4.jar:na]
	at com.alibaba.nacos.shaded.io.grpc.internal.ClientCallImpl$ClientStreamListenerImpl.closed(ClientCallImpl.java:646) ~[nacos-client-2.0.4.jar:na]
	at com.alibaba.nacos.shaded.io.grpc.internal.ClientCallImpl$ClientStreamListenerImpl.closed(ClientCallImpl.java:639) ~[nacos-client-2.0.4.jar:na]
	at com.alibaba.nacos.shaded.io.grpc.internal.DelayedStream.cancel(DelayedStream.java:302) ~[nacos-client-2.0.4.jar:na]
	at com.alibaba.nacos.shaded.io.grpc.internal.DelayedClientTransport$PendingStream.cancel(DelayedClientTransport.java:363) ~[nacos-client-2.0.4.jar:na]
	at com.alibaba.nacos.shaded.io.grpc.internal.DelayedClientTransport.shutdownNow(DelayedClientTransport.java:241) ~[nacos-client-2.0.4.jar:na]
	at com.alibaba.nacos.shaded.io.grpc.internal.ManagedChannelImpl$UncommittedRetriableStreamsRegistry.onShutdownNow(ManagedChannelImpl.java:1021) ~[nacos-client-2.0.4.jar:na]
	at com.alibaba.nacos.shaded.io.grpc.internal.ManagedChannelImpl.shutdownNow(ManagedChannelImpl.java:752) ~[nacos-client-2.0.4.jar:na]
	at com.alibaba.nacos.shaded.io.grpc.internal.ManagedChannelImpl.shutdownNow(ManagedChannelImpl.java:105) ~[nacos-client-2.0.4.jar:na]
	at com.alibaba.nacos.shaded.io.grpc.internal.ForwardingManagedChannel.shutdownNow(ForwardingManagedChannel.java:52) ~[nacos-client-2.0.4.jar:na]
	at com.alibaba.nacos.shaded.io.grpc.internal.ManagedChannelOrphanWrapper.shutdownNow(ManagedChannelOrphanWrapper.java:66) ~[nacos-client-2.0.4.jar:na]
	at com.alibaba.nacos.common.remote.client.grpc.GrpcClient.shuntDownChannel(GrpcClient.java:130) ~[nacos-client-2.0.4.jar:na]
	at com.alibaba.nacos.common.remote.client.grpc.GrpcClient.connectToServer(GrpcClient.java:266) ~[nacos-client-2.0.4.jar:na]
	at com.alibaba.nacos.common.remote.client.RpcClient.reconnect(RpcClient.java:522) ~[nacos-client-2.0.4.jar:na]
	at com.alibaba.nacos.common.remote.client.RpcClient.lambda$start$2(RpcClient.java:370) ~[nacos-client-2.0.4.jar:na]
	at java.base/java.util.concurrent.Executors$RunnableAdapter.call(Executors.java:515) ~[na:na]
	at java.base/java.util.concurrent.FutureTask.run(FutureTask.java:264) ~[na:na]
	at java.base/java.util.concurrent.ScheduledThreadPoolExecutor$ScheduledFutureTask.run(ScheduledThreadPoolExecutor.java:304) ~[na:na]
	at java.base/java.util.concurrent.ThreadPoolExecutor.runWorker(ThreadPoolExecutor.java:1128) ~[na:na]
	at java.base/java.util.concurrent.ThreadPoolExecutor$Worker.run(ThreadPoolExecutor.java:628) ~[na:na]
	at java.base/java.lang.Thread.run(Thread.java:834) ~[na:na]

21:05:25:506  INFO 13972 --- [com.alibaba.nacos.client.remote.worker] com.alibaba.nacos.common.remote.client   : Close current connection 1764242745232_192.168.100.1_7147
21:05:25:506  INFO 13972 --- [com.alibaba.nacos.client.remote.worker] com.alibaba.nacos.common.remote.client   : [646d0d1d-764f-49b2-abef-99c69fa6acb1] Fail to connect server, after trying 2 times, last try server is {serverIp = '192.168.100.128', server main port = 8848}, error = unknown
21:05:25:807  INFO 13972 --- [com.alibaba.nacos.client.remote.worker] com.alibaba.nacos.common.remote.client   : [646d0d1d-764f-49b2-abef-99c69fa6acb1] Client is shutdown, stop reconnect to server
21:05:27:136 ERROR 13972 --- [com.alibaba.nacos.client.remote.worker] c.a.n.c.remote.client.grpc.GrpcClient    : Server check fail, please check server 192.168.100.128 ,port 9848 is available , error ={}

java.util.concurrent.TimeoutException: Waited 3000 milliseconds (plus 186000 nanoseconds delay) for com.alibaba.nacos.shaded.io.grpc.stub.ClientCalls$GrpcFuture@6da46fb1[status=PENDING, info=[GrpcFuture{clientCall={delegate={delegate=ClientCallImpl{method=MethodDescriptor{fullMethodName=Request/request, type=UNARY, idempotent=false, safe=false, sampledToLocalTracing=true, requestMarshaller=com.alibaba.nacos.shaded.io.grpc.protobuf.lite.ProtoLiteUtils$MessageMarshaller@6f2e1024, responseMarshaller=com.alibaba.nacos.shaded.io.grpc.protobuf.lite.ProtoLiteUtils$MessageMarshaller@536d97f8, schemaDescriptor=com.alibaba.nacos.api.grpc.auto.RequestGrpc$RequestMethodDescriptorSupplier@3c50ad4b}}}}}]]
	at com.alibaba.nacos.shaded.com.google.common.util.concurrent.AbstractFuture.get(AbstractFuture.java:508) ~[nacos-client-2.0.4.jar:na]
	at com.alibaba.nacos.common.remote.client.grpc.GrpcClient.serverCheck(GrpcClient.java:148) ~[nacos-client-2.0.4.jar:na]
	at com.alibaba.nacos.common.remote.client.grpc.GrpcClient.connectToServer(GrpcClient.java:264) ~[nacos-client-2.0.4.jar:na]
	at com.alibaba.nacos.common.remote.client.RpcClient.reconnect(RpcClient.java:522) ~[nacos-client-2.0.4.jar:na]
	at com.alibaba.nacos.common.remote.client.RpcClient.lambda$start$2(RpcClient.java:370) ~[nacos-client-2.0.4.jar:na]
	at java.base/java.util.concurrent.Executors$RunnableAdapter.call(Executors.java:515) ~[na:na]
	at java.base/java.util.concurrent.FutureTask.run(FutureTask.java:264) ~[na:na]
	at java.base/java.util.concurrent.ScheduledThreadPoolExecutor$ScheduledFutureTask.run(ScheduledThreadPoolExecutor.java:304) ~[na:na]
	at java.base/java.util.concurrent.ThreadPoolExecutor.runWorker(ThreadPoolExecutor.java:1128) ~[na:na]
	at java.base/java.util.concurrent.ThreadPoolExecutor$Worker.run(ThreadPoolExecutor.java:628) ~[na:na]
	at java.base/java.lang.Thread.run(Thread.java:834) ~[na:na]

21:05:27:137  INFO 13972 --- [com.alibaba.nacos.client.remote.worker] com.alibaba.nacos.common.remote.client   : [e63807d3-f1bf-4f8d-9be1-591ada670d8e_config-0] Fail to connect server, after trying 2 times, last try server is {serverIp = '192.168.100.128', server main port = 8848}, error = unknown
